###############################################################################
#
# IAR ELF Linker V3.11.1.207 for STM8                     09/Mar/2025  23:07:39
# Copyright 2010-2019 IAR Systems AB.
#
#    Output file  =  
#        D:\1.Project_LAB_PTIT\1.STM8s\1.DocCamBien\4.FUNCTIONS\1.Button\project\Debug\Exe\Button.out
#    Map file     =  
#        D:\1.Project_LAB_PTIT\1.STM8s\1.DocCamBien\4.FUNCTIONS\1.Button\project\Debug\List\Button.map
#    Command line =  
#        -f C:\Users\THANHP~1\AppData\Local\Temp\EWD165.tmp
#        (D:\1.Project_LAB_PTIT\1.STM8s\1.DocCamBien\4.FUNCTIONS\1.Button\project\Debug\Obj\button.o
#        D:\1.Project_LAB_PTIT\1.STM8s\1.DocCamBien\4.FUNCTIONS\1.Button\project\Debug\Obj\gpio.o
#        D:\1.Project_LAB_PTIT\1.STM8s\1.DocCamBien\4.FUNCTIONS\1.Button\project\Debug\Obj\main.o
#        D:\1.Project_LAB_PTIT\1.STM8s\1.DocCamBien\4.FUNCTIONS\1.Button\project\Debug\Obj\stm8s_uart1.o
#        D:\1.Project_LAB_PTIT\1.STM8s\1.DocCamBien\4.FUNCTIONS\1.Button\project\Debug\Obj\uart.o
#        --redirect _Printf=_PrintfSmall --redirect _Scanf=_ScanfSmall
#        --no_out_extension -o
#        D:\1.Project_LAB_PTIT\1.STM8s\1.DocCamBien\4.FUNCTIONS\1.Button\project\Debug\Exe\Button.out
#        --map
#        D:\1.Project_LAB_PTIT\1.STM8s\1.DocCamBien\4.FUNCTIONS\1.Button\project\Debug\List\Button.map
#        --config "C:\Program Files (x86)\IAR Systems\Embedded Workbench
#        8.3\stm8\config\lnkstm8s103f3.icf" --config_def _CSTACK_SIZE=0x100
#        --config_def _HEAP_SIZE=0x100 --entry __iar_program_start --debug_lib)
#
###############################################################################

*******************************************************************************
*** RUNTIME MODEL ATTRIBUTES
***

__SystemLibrary            = DLib
__code_model               = small
__core                     = stm8
__data_model               = medium
__dlib_file_descriptor     = 0
__dlib_full_locale_support = 0
__rt_version               = 4


*******************************************************************************
*** PLACEMENT SUMMARY
***

"A0":  place at start of [0x000000-0x0000ff] { rw section .vregs };
"A1":  place at end of [0x000000-0x0003ff] { block CSTACK };
"P2":  place in [from 0x000000 to 0x0003ff] {
          block HEAP, rw section __DLIB_PERTHREAD, rw section .far.bss,
          rw section .far.data, rw section .far.noinit,
          rw section .far_func.textrw, rw section .huge.bss,
          rw section .huge.data, rw section .huge.noinit,
          rw section .huge_func.textrw, rw section .iar.dynexit,
          rw section .near.bss, rw section .near.data, rw section .near.noinit,
          rw section .near_func.textrw };
"A2":  place at start of [0x008000-0x009fff] { block INTVEC };
"P3":  place in [from 0x008000 to 0x009fff] {
          ro section __DLIB_PERTHREAD_init, ro section .far.data_init,
          ro section .far_func.textrw_init, ro section .huge.data_init,
          ro section .huge_func.textrw_init, ro section .iar.init_table,
          ro section .init_array, ro section .near.data_init,
          ro section .near.rodata, ro section .near_func.text,
          ro section .near_func.textrw_init, ro section .tiny.data_init,
          ro section .tiny.rodata_init };
"P4":  place in [from 0x008000 to 0x009fff] {
          ro section .far.rodata, ro section .far_func.text };
"P5":  place in [from 0x008000 to 0x009fff] {
          ro section .huge.rodata, ro section .huge_func.text };
do not initialize {
   rw section .eeprom.noinit, rw section .far.noinit, rw section .huge.noinit,
   rw section .near.noinit, rw section .tiny.noinit, rw section .vregs };
initialize by copy {
   rw section .far.bss, rw section .far.data, rw section .far_func.textrw,
   rw section .huge.bss, rw section .huge.data, rw section .huge_func.textrw,
   rw section .iar.dynexit, rw section .near.bss, rw section .near.data,
   rw section .near_func.textrw, rw section .tiny.bss, rw section .tiny.data,
   ro section .tiny.rodata };

No sections matched the following patterns:

  ro section .far.data_init          in "P3-P5"
  ro section .far.rodata             in "P3-P5"
  ro section .far_func.text          in "P3-P5"
  ro section .far_func.textrw_init   in "P3-P5"
  ro section .huge.data_init         in "P3-P5"
  ro section .huge.rodata            in "P3-P5"
  ro section .huge_func.text         in "P3-P5"
  ro section .huge_func.textrw_init  in "P3-P5"
  ro section .iar.init_table         in "P3-P5"
  ro section .init_array             in "P3-P5"
  ro section .near_func.textrw_init  in "P3-P5"
  ro section .tiny.data_init         in "P3-P5"
  ro section .tiny.rodata_init       in "P3-P5"
  ro section __DLIB_PERTHREAD_init   in "P3-P5"
  rw section .far.bss                in "P2"
  rw section .far.data               in "P2"
  rw section .far.noinit             in "P2"
  rw section .far_func.textrw        in "P2"
  rw section .huge.bss               in "P2"
  rw section .huge.data              in "P2"
  rw section .huge.noinit            in "P2"
  rw section .huge_func.textrw       in "P2"
  rw section .iar.dynexit            in "P2"
  rw section .near.noinit            in "P2"
  rw section .near_func.textrw       in "P2"
  rw section .tiny.bss               in "P1"
  rw section .tiny.data              in "P1"
  rw section .tiny.noinit            in "P1"
  rw section .tiny.rodata            in "P1"
  rw section __DLIB_PERTHREAD        in "P2"
  section .eeprom.data               in "P6-P8"
  section .eeprom.noinit             in "P6-P8"
  section .eeprom.rodata             in "P6-P8"


  Section            Kind      Address   Size  Object
  -------            ----      -------   ----  ------
"A0":                                     0xc
  .vregs             uninit   0x000000    0xc  vregs.o [4]
                            - 0x00000c    0xc

"P2":                                    0x25
  P2-1                        0x00000c   0x25  <Init block>
    .near.data       inited   0x00000c    0xe  main.o [1]
    .near.bss        inited   0x00001a    0x1  gpio.o [1]
    .near.bss        inited   0x00001b   0x14  uart.o [1]
    .near.bss        inited   0x00002f    0x2  uart.o [1]
                            - 0x000031   0x25

"A1":                                   0x100
  CSTACK                      0x000300  0x100  <Block>
    CSTACK           uninit   0x000300  0x100  <Block tail>
                            - 0x000400  0x100

"A2":                                    0x80
  INTVEC                      0x008000   0x80  <Block>
    .intvec          const    0x008000   0x80  interrupt.o [4]
                            - 0x008080   0x80

"P3-P5":                                0x452
  .near_func.text    ro code  0x008080   0xec  button.o [1]
  .near_func.text    ro code  0x00816c   0x9e  stm8s_uart1.o [1]
  .near_func.text    ro code  0x00820a   0x8d  button.o [1]
  .near_func.text    ro code  0x008297   0x70  vreg_util.o [4]
  .near.rodata       const    0x008307   0x5a  stm8s_uart1.o [1]
  .near_func.text    ro code  0x008361   0x4e  uart.o [1]
  .near_func.text    ro code  0x0083af   0x28  init_small.o [4]
  .near_func.text    ro code  0x0083d7   0x26  uart.o [1]
  Initializer bytes  const    0x0083fd   0x25  <for P2-1>
  .iar.init_table    const    0x008422    0xa  - Linker created -
  .near_func.text    ro code  0x00842c   0x19  main.o [1]
  .near_func.text    ro code  0x008445   0x18  gpio.o [1]
  .near_func.text    ro code  0x00845d   0x14  init.o [4]
  .near_func.text    ro code  0x008471   0x14  __dbg_xxexit.o [3]
  .near_func.text    ro code  0x008485   0x13  cstartup.o [4]
  .near_func.text    ro code  0x008498   0x12  main.o [1]
  .near_func.text    ro code  0x0084aa    0xd  button.o [1]
  .near_func.text    ro code  0x0084b7    0x8  short.o [4]
  .near_func.text    ro code  0x0084bf    0x5  cexit.o [4]
  .near_func.text    ro code  0x0084c4    0x3  interrupt.o [4]
  .near_func.text    ro code  0x0084c7    0x3  low_level_init.o [4]
  .near_func.text    ro code  0x0084ca    0x3  exit.o [4]
  .near_func.text    ro code  0x0084cd    0x3  unhandled_exception.o [4]
  .near_func.text    ro code  0x0084d0    0x1  main.o [1]
  .near_func.text    ro code  0x0084d1    0x1  __dbg_break.o [3]
                            - 0x0084d2  0x452


*******************************************************************************
*** INIT TABLE
***

          Address   Size
          -------   ----
Copy (__iar_copy_init2)
    1 source range, total size 0x25:
          0x0083fd  0x25
    1 destination range, total size 0x25:
          0x00000c  0x25



*******************************************************************************
*** MODULE SUMMARY
***

    Module                 ro code  ro data  rw data
    ------                 -------  -------  -------
D:\1.Project_LAB_PTIT\1.STM8s\1.DocCamBien\4.FUNCTIONS\1.Button\project\Debug\Obj: [1]
    button.o                   390
    gpio.o                      24        1        1
    main.o                      44       14       14
    stm8s_uart1.o              158       90
    uart.o                     116       22       22
    ------------------------------------------------
    Total:                     732      127       37

command line: [2]
    ------------------------------------------------
    Total:

dbgstm8smd.a: [3]
    __dbg_break.o                1
    __dbg_xxexit.o              20
    ------------------------------------------------
    Total:                      21

dlstm8smn.a: [4]
    cexit.o                      5
    cstartup.o                  19
    exit.o                       3
    init.o                      20
    init_small.o                40
    interrupt.o                  3      128
    low_level_init.o             3
    short.o                      8
    unhandled_exception.o        3
    vreg_util.o                112
    vregs.o                                       12
    ------------------------------------------------
    Total:                     216      128       12

    Linker created                       10      256
----------------------------------------------------
    Grand Total:               969      265      305


*******************************************************************************
*** ENTRY LIST
***

Entry                    Address  Size  Type      Object
-----                    -------  ----  ----      ------
.iar.init_table$$Base   0x008422         --   Gb  - Linker created -
.iar.init_table$$Limit  0x00842c         --   Gb  - Linker created -
?b0                     0x000000        Data  Gb  vregs.o [4]
?b1                     0x000001        Data  Gb  vregs.o [4]
?b10                    0x00000a        Data  Gb  vregs.o [4]
?b11                    0x00000b        Data  Gb  vregs.o [4]
?b2                     0x000002        Data  Gb  vregs.o [4]
?b3                     0x000003        Data  Gb  vregs.o [4]
?b4                     0x000004        Data  Gb  vregs.o [4]
?b5                     0x000005        Data  Gb  vregs.o [4]
?b6                     0x000006        Data  Gb  vregs.o [4]
?b7                     0x000007        Data  Gb  vregs.o [4]
?b8                     0x000008        Data  Gb  vregs.o [4]
?b9                     0x000009        Data  Gb  vregs.o [4]
?e0                     0x000001        Data  Gb  vregs.o [4]
?e1                     0x000005        Data  Gb  vregs.o [4]
?e2                     0x000009        Data  Gb  vregs.o [4]
?epilogue_w4            0x008303        Code  Gb  vreg_util.o [4]
?l0                     0x000000        Data  Gb  vregs.o [4]
?l1                     0x000004        Data  Gb  vregs.o [4]
?l2                     0x000008        Data  Gb  vregs.o [4]
?pop_l0                 0x0082e5        Code  Gb  vreg_util.o [4]
?pop_l1                 0x0082f0        Code  Gb  vreg_util.o [4]
?pop_w4                 0x0082af        Code  Gb  vreg_util.o [4]
?push_l0                0x0082be        Code  Gb  vreg_util.o [4]
?push_l1                0x0082c3        Code  Gb  vreg_util.o [4]
?push_w4                0x008297        Code  Gb  vreg_util.o [4]
?sra16_x_x_a            0x0084b7        Code  Gb  short.o [4]
?w0                     0x000000        Data  Gb  vregs.o [4]
?w1                     0x000002        Data  Gb  vregs.o [4]
?w2                     0x000004        Data  Gb  vregs.o [4]
?w3                     0x000006        Data  Gb  vregs.o [4]
?w4                     0x000008        Data  Gb  vregs.o [4]
?w5                     0x00000a        Data  Gb  vregs.o [4]
ButtonA3                0x00000c   0xe  Data  Gb  main.o [1]
Button_Init             0x0084aa   0xd  Code  Gb  button.o [1]
Button_ReadInput        0x008080  0xec  Code  Gb  button.o [1]
Button_Run              0x00820a  0x8d  Code  Gb  button.o [1]
CLK_HSI_16Mhz_Config    0x008498  0x12  Code  Gb  main.o [1]
CSTACK$$Base            0x000300         --   Gb  - Linker created -
CSTACK$$Limit           0x000400         --   Gb  - Linker created -
Gpio_Read_Input_Port_A  0x008445  0x18  Code  Gb  gpio.o [1]
INTVEC$$Base            0x008000         --   Gb  - Linker created -
INTVEC$$Limit           0x008080         --   Gb  - Linker created -
Region$$Table$$Base     0x008422         --   Gb  - Linker created -
Region$$Table$$Limit    0x00842c         --   Gb  - Linker created -
UART1_GetFlagStatus     0x00816c  0x9e  Code  Gb  stm8s_uart1.o [1]
UART1_RX_IRQHandler     0x0083d7  0x26  Code  Gb  uart.o [1]
UART_Configuration      0x008361  0x4e  Code  Gb  uart.o [1]
__DebugBreak            0x0084d1   0x1  Code  Gb  __dbg_break.o [3]
__exit                  0x008471  0x14  Code  Gb  __dbg_xxexit.o [3]
__iar_copy_init2        0x0083af        Code  Gb  init_small.o [4]
__iar_data_init2        0x00845d  0x14  Code  Gb  init.o [4]
__iar_program_start     0x008485        Code  Gb  cstartup.o [4]
__iar_unhandled_exception
                        0x0084cd        Code  Gb  unhandled_exception.o [4]
__intvec                0x008000        Data  Gb  interrupt.o [4]
__low_level_init        0x0084c7   0x3  Code  Gb  low_level_init.o [4]
_exit                   0x0084bf        Code  Gb  cexit.o [4]
_interrupt_20           0x0083d7        Code  Gb  uart.o [1]
array_receive           0x00001b  0x14  Data  Gb  uart.o [1]
assert_failed           0x0084d0   0x1  Code  Gb  main.o [1]
count_array_receive     0x00002f   0x2  Data  Gb  uart.o [1]
exit                    0x0084ca   0x3  Code  Gb  exit.o [4]
main                    0x00842c  0x19  Code  Gb  main.o [1]
value                   0x00001a   0x1  Data  Gb  gpio.o [1]


[1] = D:\1.Project_LAB_PTIT\1.STM8s\1.DocCamBien\4.FUNCTIONS\1.Button\project\Debug\Obj
[2] = command line
[3] = dbgstm8smd.a
[4] = dlstm8smn.a

  969 bytes of readonly  code memory
  265 bytes of readonly  data memory
  305 bytes of readwrite data memory

Errors: none
Warnings: none
