###############################################################################
#
# IAR ELF Linker V3.11.1.207 for STM8                     28/Feb/2025  07:07:24
# Copyright 2010-2019 IAR Systems AB.
#
#    Output file  =  
#        D:\1.Project_LAB_PTIT\1.STM8s\1.DocCamBien\4.FUNCTIONS\4.FSM\project\Debug\Exe\FSM.out
#    Map file     =  
#        D:\1.Project_LAB_PTIT\1.STM8s\1.DocCamBien\4.FUNCTIONS\4.FSM\project\Debug\List\FSM.map
#    Command line =  
#        -f C:\Users\THANHP~1\AppData\Local\Temp\EW17D7.tmp
#        (D:\1.Project_LAB_PTIT\1.STM8s\1.DocCamBien\4.FUNCTIONS\4.FSM\project\Debug\Obj\Convert.o
#        D:\1.Project_LAB_PTIT\1.STM8s\1.DocCamBien\4.FUNCTIONS\4.FSM\project\Debug\Obj\CreateFrame.o
#        D:\1.Project_LAB_PTIT\1.STM8s\1.DocCamBien\4.FUNCTIONS\4.FSM\project\Debug\Obj\FSM.o
#        D:\1.Project_LAB_PTIT\1.STM8s\1.DocCamBien\4.FUNCTIONS\4.FSM\project\Debug\Obj\main.o
#        D:\1.Project_LAB_PTIT\1.STM8s\1.DocCamBien\4.FUNCTIONS\4.FSM\project\Debug\Obj\stm8s_uart1.o
#        D:\1.Project_LAB_PTIT\1.STM8s\1.DocCamBien\4.FUNCTIONS\4.FSM\project\Debug\Obj\uart.o
#        --redirect _Printf=_PrintfSmall --redirect _Scanf=_ScanfSmall
#        --no_out_extension -o
#        D:\1.Project_LAB_PTIT\1.STM8s\1.DocCamBien\4.FUNCTIONS\4.FSM\project\Debug\Exe\FSM.out
#        --map
#        D:\1.Project_LAB_PTIT\1.STM8s\1.DocCamBien\4.FUNCTIONS\4.FSM\project\Debug\List\FSM.map
#        --config "C:\Program Files (x86)\IAR Systems\Embedded Workbench
#        8.3\stm8\config\lnkstm8s103f3.icf" --config_def _CSTACK_SIZE=0x100
#        --config_def _HEAP_SIZE=0x100 --entry __iar_program_start --debug_lib)
#
###############################################################################

*******************************************************************************
*** RUNTIME MODEL ATTRIBUTES
***

__SystemLibrary            = DLib
__code_model               = small
__core                     = stm8
__data_model               = medium
__dlib_file_descriptor     = 0
__dlib_full_locale_support = 0
__rt_version               = 4


*******************************************************************************
*** PLACEMENT SUMMARY
***

"A0":  place at start of [0x000000-0x0000ff] { rw section .vregs };
"A1":  place at end of [0x000000-0x0003ff] { block CSTACK };
"P2":  place in [from 0x000000 to 0x0003ff] {
          block HEAP, rw section __DLIB_PERTHREAD, rw section .far.bss,
          rw section .far.data, rw section .far.noinit,
          rw section .far_func.textrw, rw section .huge.bss,
          rw section .huge.data, rw section .huge.noinit,
          rw section .huge_func.textrw, rw section .iar.dynexit,
          rw section .near.bss, rw section .near.data, rw section .near.noinit,
          rw section .near_func.textrw };
"A2":  place at start of [0x008000-0x009fff] { block INTVEC };
"P3":  place in [from 0x008000 to 0x009fff] {
          ro section __DLIB_PERTHREAD_init, ro section .far.data_init,
          ro section .far_func.textrw_init, ro section .huge.data_init,
          ro section .huge_func.textrw_init, ro section .iar.init_table,
          ro section .init_array, ro section .near.data_init,
          ro section .near.rodata, ro section .near_func.text,
          ro section .near_func.textrw_init, ro section .tiny.data_init,
          ro section .tiny.rodata_init };
"P4":  place in [from 0x008000 to 0x009fff] {
          ro section .far.rodata, ro section .far_func.text };
"P5":  place in [from 0x008000 to 0x009fff] {
          ro section .huge.rodata, ro section .huge_func.text };
do not initialize {
   rw section .eeprom.noinit, rw section .far.noinit, rw section .huge.noinit,
   rw section .near.noinit, rw section .tiny.noinit, rw section .vregs };

No sections matched the following patterns:

  ro section .far.data_init          in "P3-P5"
  ro section .far.rodata             in "P3-P5"
  ro section .far_func.text          in "P3-P5"
  ro section .far_func.textrw_init   in "P3-P5"
  ro section .huge.data_init         in "P3-P5"
  ro section .huge.rodata            in "P3-P5"
  ro section .huge_func.text         in "P3-P5"
  ro section .huge_func.textrw_init  in "P3-P5"
  ro section .iar.init_table         in "P3-P5"
  ro section .init_array             in "P3-P5"
  ro section .near.data_init         in "P3-P5"
  ro section .near_func.textrw_init  in "P3-P5"
  ro section .tiny.data_init         in "P3-P5"
  ro section .tiny.rodata_init       in "P3-P5"
  ro section __DLIB_PERTHREAD_init   in "P3-P5"
  rw section .far.bss                in "P2"
  rw section .far.data               in "P2"
  rw section .far.noinit             in "P2"
  rw section .far_func.textrw        in "P2"
  rw section .huge.bss               in "P2"
  rw section .huge.data              in "P2"
  rw section .huge.noinit            in "P2"
  rw section .huge_func.textrw       in "P2"
  rw section .iar.dynexit            in "P2"
  rw section .near.data              in "P2"
  rw section .near.noinit            in "P2"
  rw section .near_func.textrw       in "P2"
  rw section .tiny.bss               in "P1"
  rw section .tiny.data              in "P1"
  rw section .tiny.noinit            in "P1"
  rw section .tiny.rodata            in "P1"
  rw section __DLIB_PERTHREAD        in "P2"
  section .eeprom.data               in "P6-P8"
  section .eeprom.noinit             in "P6-P8"
  section .eeprom.rodata             in "P6-P8"


  Section          Kind      Address   Size  Object
  -------          ----      -------   ----  ------
"A0":                                   0xc
  .vregs           uninit   0x000000    0xc  vregs.o [4]
                          - 0x00000c    0xc

"P2":                                  0x22
  .near.bss        zero     0x00000c   0x14  uart.o [1]
  .near.bss        zero     0x000020    0x2  Convert.o [1]
  .near.bss        zero     0x000022    0x2  FSM.o [1]
  .near.bss        zero     0x000024    0x2  FSM.o [1]
  .near.bss        zero     0x000026    0x2  uart.o [1]
  .near.bss        zero     0x000028    0x2  uart.o [1]
  .near.bss        zero     0x00002a    0x1  FSM.o [1]
  .near.bss        zero     0x00002b    0x1  FSM.o [1]
  .near.bss        zero     0x00002c    0x1  FSM.o [1]
  .near.bss        zero     0x00002d    0x1  uart.o [1]
                          - 0x00002e   0x22

"A1":                                 0x100
  CSTACK                    0x000300  0x100  <Block>
    CSTACK         uninit   0x000300  0x100  <Block tail>
                          - 0x000400  0x100

"A2":                                  0x80
  INTVEC                    0x008000   0x80  <Block>
    .intvec        const    0x008000   0x80  interrupt.o [4]
                          - 0x008080   0x80

"P3-P5":                              0x51e
  .near_func.text  ro code  0x008080  0x221  FSM.o [1]
  .near_func.text  ro code  0x0082a1   0x9e  stm8s_uart1.o [1]
  .near_func.text  ro code  0x00833f   0x84  vreg_util.o [4]
  .near_func.text  ro code  0x0083c3   0x72  uart.o [1]
  .near_func.text  ro code  0x008435   0x62  CreateFrame.o [1]
  .near.rodata     const    0x008497   0x57  stm8s_uart1.o [1]
  .iar.init_table  const    0x0084ee    0x8  - Linker created -
  .near_func.text  ro code  0x0084f6   0x1e  init_small.o [4]
  .near_func.text  ro code  0x008514   0x15  FSM.o [1]
  .near_func.text  ro code  0x008529   0x14  init.o [4]
  .near_func.text  ro code  0x00853d   0x14  __dbg_xxexit.o [3]
  .near_func.text  ro code  0x008551   0x13  cstartup.o [4]
  .near_func.text  ro code  0x008564    0xe  dc_util.o [4]
  .near_func.text  ro code  0x008572    0xc  Convert.o [1]
  .near_func.text  ro code  0x00857e    0xb  short.o [4]
  .near_func.text  ro code  0x008589    0x5  cexit.o [4]
  .near_func.text  ro code  0x00858e    0x3  interrupt.o [4]
  .near_func.text  ro code  0x008591    0x3  low_level_init.o [4]
  .near_func.text  ro code  0x008594    0x3  exit.o [4]
  .near_func.text  ro code  0x008597    0x3  unhandled_exception.o [4]
  .near_func.text  ro code  0x00859a    0x2  main.o [1]
  .near_func.text  ro code  0x00859c    0x1  main.o [1]
  .near_func.text  ro code  0x00859d    0x1  __dbg_break.o [3]
                          - 0x00859e  0x51e


*******************************************************************************
*** INIT TABLE
***

          Address   Size
          -------   ----
Zero (__iar_zero_init2)
    1 destination range, total size 0x22:
          0x00000c  0x22



*******************************************************************************
*** MODULE SUMMARY
***

    Module                 ro code  ro data  rw data
    ------                 -------  -------  -------
D:\1.Project_LAB_PTIT\1.STM8s\1.DocCamBien\4.FUNCTIONS\4.FSM\project\Debug\Obj: [1]
    Convert.o                   12                 2
    CreateFrame.o               98
    FSM.o                      566                 7
    main.o                       3
    stm8s_uart1.o              158       87
    uart.o                     114                25
    ------------------------------------------------
    Total:                     951       87       34

command line: [2]
    ------------------------------------------------
    Total:

dbgstm8smd.a: [3]
    __dbg_break.o                1
    __dbg_xxexit.o              20
    ------------------------------------------------
    Total:                      21

dlstm8smn.a: [4]
    cexit.o                      5
    cstartup.o                  19
    dc_util.o                   14
    exit.o                       3
    init.o                      20
    init_small.o                30
    interrupt.o                  3      128
    low_level_init.o             3
    short.o                     11
    unhandled_exception.o        3
    vreg_util.o                132
    vregs.o                                       12
    ------------------------------------------------
    Total:                     243      128       12

    Linker created                        8      256
----------------------------------------------------
    Grand Total:             1 215      223      302


*******************************************************************************
*** ENTRY LIST
***

Entry                    Address   Size  Type      Object
-----                    -------   ----  ----      ------
.iar.init_table$$Base   0x0084ee          --   Gb  - Linker created -
.iar.init_table$$Limit  0x0084f6          --   Gb  - Linker created -
?b0                     0x000000         Data  Gb  vregs.o [4]
?b1                     0x000001         Data  Gb  vregs.o [4]
?b10                    0x00000a         Data  Gb  vregs.o [4]
?b11                    0x00000b         Data  Gb  vregs.o [4]
?b2                     0x000002         Data  Gb  vregs.o [4]
?b3                     0x000003         Data  Gb  vregs.o [4]
?b4                     0x000004         Data  Gb  vregs.o [4]
?b5                     0x000005         Data  Gb  vregs.o [4]
?b6                     0x000006         Data  Gb  vregs.o [4]
?b7                     0x000007         Data  Gb  vregs.o [4]
?b8                     0x000008         Data  Gb  vregs.o [4]
?b9                     0x000009         Data  Gb  vregs.o [4]
?dc16_w0                0x008564         Code  Gb  dc_util.o [4]
?e0                     0x000001         Data  Gb  vregs.o [4]
?e1                     0x000005         Data  Gb  vregs.o [4]
?e2                     0x000009         Data  Gb  vregs.o [4]
?epilogue_l2            0x0083bb         Code  Gb  vreg_util.o [4]
?epilogue_w4            0x0083bf         Code  Gb  vreg_util.o [4]
?l0                     0x000000         Data  Gb  vregs.o [4]
?l1                     0x000004         Data  Gb  vregs.o [4]
?l2                     0x000008         Data  Gb  vregs.o [4]
?pop_l0                 0x008392         Code  Gb  vreg_util.o [4]
?pop_l1                 0x00839d         Code  Gb  vreg_util.o [4]
?pop_l2                 0x0083a8         Code  Gb  vreg_util.o [4]
?pop_w4                 0x008357         Code  Gb  vreg_util.o [4]
?push_l0                0x008366         Code  Gb  vreg_util.o [4]
?push_l1                0x00836b         Code  Gb  vreg_util.o [4]
?push_l2                0x008370         Code  Gb  vreg_util.o [4]
?push_w4                0x00833f         Code  Gb  vreg_util.o [4]
?w0                     0x000000         Data  Gb  vregs.o [4]
?w1                     0x000002         Data  Gb  vregs.o [4]
?w2                     0x000004         Data  Gb  vregs.o [4]
?w3                     0x000006         Data  Gb  vregs.o [4]
?w4                     0x000008         Data  Gb  vregs.o [4]
?w5                     0x00000a         Data  Gb  vregs.o [4]
?xor16_x_x_dw           0x00857e         Code  Gb  short.o [4]
?xor16_x_x_w0           0x008581         Code  Gb  short.o [4]
CSTACK$$Base            0x000300          --   Gb  - Linker created -
CSTACK$$Limit           0x000400          --   Gb  - Linker created -
Check_Sum               0x008435   0x62  Code  Gb  CreateFrame.o [1]
Clear_All_State_Fsm     0x008514   0x15  Code  Gb  FSM.o [1]
Convert_bytes_into_uint16_t
                        0x008572    0xc  Code  Gb  Convert.o [1]
Convert_bytes_into_uint16_t::tmp
                        0x000020    0x2  Data  Lc  Convert.o [1]
FSM_Get_Message         0x008080  0x221  Code  Gb  FSM.o [1]
INTVEC$$Base            0x008000          --   Gb  - Linker created -
INTVEC$$Limit           0x008080          --   Gb  - Linker created -
Region$$Table$$Base     0x0084ee          --   Gb  - Linker created -
Region$$Table$$Limit    0x0084f6          --   Gb  - Linker created -
UART1_GetFlagStatus     0x0082a1   0x9e  Code  Gb  stm8s_uart1.o [1]
UART1_RX_IRQHandler     0x0083c3   0x72  Code  Gb  uart.o [1]
__DebugBreak            0x00859d    0x1  Code  Gb  __dbg_break.o [3]
__exit                  0x00853d   0x14  Code  Gb  __dbg_xxexit.o [3]
__iar_data_init2        0x008529   0x14  Code  Gb  init.o [4]
__iar_program_start     0x008551         Code  Gb  cstartup.o [4]
__iar_unhandled_exception
                        0x008597         Code  Gb  unhandled_exception.o [4]
__iar_zero_init2        0x0084f6         Code  Gb  init_small.o [4]
__intvec                0x008000         Data  Gb  interrupt.o [4]
__low_level_init        0x008591    0x3  Code  Gb  low_level_init.o [4]
_exit                   0x008589         Code  Gb  cexit.o [4]
_interrupt_20           0x0083c3         Code  Gb  uart.o [1]
array_receive           0x00000c   0x14  Data  Gb  uart.o [1]
assert_failed           0x00859c    0x1  Code  Gb  main.o [1]
count_array_receive     0x000026    0x2  Data  Gb  uart.o [1]
count_element_arr       0x00002b    0x1  Data  Gb  FSM.o [1]
count_timeout_uart      0x000028    0x2  Data  Gb  uart.o [1]
exit                    0x008594    0x3  Code  Gb  exit.o [4]
flag_array_receive      0x00002d    0x1  Data  Gb  uart.o [1]
flag_fsm_new_message    0x00002c    0x1  Data  Gb  FSM.o [1]
fsm_state               0x00002a    0x1  Data  Gb  FSM.o [1]
length_fsm              0x000024    0x2  Data  Gb  FSM.o [1]
main                    0x00859a    0x2  Code  Gb  main.o [1]
type_mess_fsm           0x000022    0x2  Data  Gb  FSM.o [1]


[1] = D:\1.Project_LAB_PTIT\1.STM8s\1.DocCamBien\4.FUNCTIONS\4.FSM\project\Debug\Obj
[2] = command line
[3] = dbgstm8smd.a
[4] = dlstm8smn.a

  1 215 bytes of readonly  code memory
    223 bytes of readonly  data memory
    302 bytes of readwrite data memory

Errors: none
Warnings: none
