###############################################################################
#
# IAR ELF Linker V3.11.1.207 for STM8                     29/Mar/2025  11:53:15
# Copyright 2010-2019 IAR Systems AB.
#
#    Output file  =  
#        D:\1.Project_LAB_PTIT\1.STM8s\1.DocCamBien\1.MASTER\project\Debug\Exe\MASTER.out
#    Map file     =  
#        D:\1.Project_LAB_PTIT\1.STM8s\1.DocCamBien\1.MASTER\project\Debug\List\MASTER.map
#    Command line =  
#        -f C:\Users\THANHP~1\AppData\Local\Temp\EWDD6.tmp
#        (D:\1.Project_LAB_PTIT\1.STM8s\1.DocCamBien\1.MASTER\project\Debug\Obj\button.o
#        D:\1.Project_LAB_PTIT\1.STM8s\1.DocCamBien\1.MASTER\project\Debug\Obj\Convert.o
#        D:\1.Project_LAB_PTIT\1.STM8s\1.DocCamBien\1.MASTER\project\Debug\Obj\CreateFrame.o
#        D:\1.Project_LAB_PTIT\1.STM8s\1.DocCamBien\1.MASTER\project\Debug\Obj\Detect.o
#        D:\1.Project_LAB_PTIT\1.STM8s\1.DocCamBien\1.MASTER\project\Debug\Obj\FSM.o
#        D:\1.Project_LAB_PTIT\1.STM8s\1.DocCamBien\1.MASTER\project\Debug\Obj\GetData.o
#        D:\1.Project_LAB_PTIT\1.STM8s\1.DocCamBien\1.MASTER\project\Debug\Obj\gpio.o
#        D:\1.Project_LAB_PTIT\1.STM8s\1.DocCamBien\1.MASTER\project\Debug\Obj\i2c.o
#        D:\1.Project_LAB_PTIT\1.STM8s\1.DocCamBien\1.MASTER\project\Debug\Obj\lcd16x2.o
#        D:\1.Project_LAB_PTIT\1.STM8s\1.DocCamBien\1.MASTER\project\Debug\Obj\main.o
#        D:\1.Project_LAB_PTIT\1.STM8s\1.DocCamBien\1.MASTER\project\Debug\Obj\MenuLCD.o
#        D:\1.Project_LAB_PTIT\1.STM8s\1.DocCamBien\1.MASTER\project\Debug\Obj\port.o
#        D:\1.Project_LAB_PTIT\1.STM8s\1.DocCamBien\1.MASTER\project\Debug\Obj\stm8s_tim1.o
#        D:\1.Project_LAB_PTIT\1.STM8s\1.DocCamBien\1.MASTER\project\Debug\Obj\stm8s_uart1.o
#        D:\1.Project_LAB_PTIT\1.STM8s\1.DocCamBien\1.MASTER\project\Debug\Obj\system.o
#        D:\1.Project_LAB_PTIT\1.STM8s\1.DocCamBien\1.MASTER\project\Debug\Obj\tim.o
#        D:\1.Project_LAB_PTIT\1.STM8s\1.DocCamBien\1.MASTER\project\Debug\Obj\uart.o
#        --redirect _Printf=_PrintfSmall --redirect _Scanf=_ScanfSmall
#        --no_out_extension -o
#        D:\1.Project_LAB_PTIT\1.STM8s\1.DocCamBien\1.MASTER\project\Debug\Exe\MASTER.out
#        --map
#        D:\1.Project_LAB_PTIT\1.STM8s\1.DocCamBien\1.MASTER\project\Debug\List\MASTER.map
#        --config "C:\Program Files (x86)\IAR Systems\Embedded Workbench
#        8.3\stm8\config\lnkstm8s103f3.icf" --config_def _CSTACK_SIZE=0x100
#        --config_def _HEAP_SIZE=0x100 --entry __iar_program_start --debug_lib)
#
###############################################################################

*******************************************************************************
*** RUNTIME MODEL ATTRIBUTES
***

__SystemLibrary            = DLib
__code_model               = small
__core                     = stm8
__data_model               = medium
__dlib_file_descriptor     = 0
__dlib_full_locale_support = 0
__rt_version               = 4


*******************************************************************************
*** PLACEMENT SUMMARY
***

"A0":  place at start of [0x000000-0x0000ff] { rw section .vregs };
"A1":  place at end of [0x000000-0x0003ff] { block CSTACK };
"P2":  place in [from 0x000000 to 0x0003ff] {
          block HEAP, rw section __DLIB_PERTHREAD, rw section .far.bss,
          rw section .far.data, rw section .far.noinit,
          rw section .far_func.textrw, rw section .huge.bss,
          rw section .huge.data, rw section .huge.noinit,
          rw section .huge_func.textrw, rw section .iar.dynexit,
          rw section .near.bss, rw section .near.data, rw section .near.noinit,
          rw section .near_func.textrw };
"A2":  place at start of [0x008000-0x009fff] { block INTVEC };
"P3":  place in [from 0x008000 to 0x009fff] {
          ro section __DLIB_PERTHREAD_init, ro section .far.data_init,
          ro section .far_func.textrw_init, ro section .huge.data_init,
          ro section .huge_func.textrw_init, ro section .iar.init_table,
          ro section .init_array, ro section .near.data_init,
          ro section .near.rodata, ro section .near_func.text,
          ro section .near_func.textrw_init, ro section .tiny.data_init,
          ro section .tiny.rodata_init };
"P4":  place in [from 0x008000 to 0x009fff] {
          ro section .far.rodata, ro section .far_func.text };
"P5":  place in [from 0x008000 to 0x009fff] {
          ro section .huge.rodata, ro section .huge_func.text };
do not initialize {
   rw section .eeprom.noinit, rw section .far.noinit, rw section .huge.noinit,
   rw section .near.noinit, rw section .tiny.noinit, rw section .vregs };
initialize by copy {
   rw section .far.bss, rw section .far.data, rw section .far_func.textrw,
   rw section .huge.bss, rw section .huge.data, rw section .huge_func.textrw,
   rw section .iar.dynexit, rw section .near.bss, rw section .near.data,
   rw section .near_func.textrw, rw section .tiny.bss, rw section .tiny.data,
   ro section .tiny.rodata };

No sections matched the following patterns:

  ro section .far.data_init          in "P3-P5"
  ro section .far.rodata             in "P3-P5"
  ro section .far_func.text          in "P3-P5"
  ro section .far_func.textrw_init   in "P3-P5"
  ro section .huge.data_init         in "P3-P5"
  ro section .huge.rodata            in "P3-P5"
  ro section .huge_func.text         in "P3-P5"
  ro section .huge_func.textrw_init  in "P3-P5"
  ro section .iar.init_table         in "P3-P5"
  ro section .init_array             in "P3-P5"
  ro section .near_func.textrw_init  in "P3-P5"
  ro section .tiny.data_init         in "P3-P5"
  ro section .tiny.rodata_init       in "P3-P5"
  ro section __DLIB_PERTHREAD_init   in "P3-P5"
  rw section .far.bss                in "P2"
  rw section .far.data               in "P2"
  rw section .far.noinit             in "P2"
  rw section .far_func.textrw        in "P2"
  rw section .huge.bss               in "P2"
  rw section .huge.data              in "P2"
  rw section .huge.noinit            in "P2"
  rw section .huge_func.textrw       in "P2"
  rw section .iar.dynexit            in "P2"
  rw section .near.noinit            in "P2"
  rw section .near_func.textrw       in "P2"
  rw section .tiny.bss               in "P1"
  rw section .tiny.data              in "P1"
  rw section .tiny.noinit            in "P1"
  rw section .tiny.rodata            in "P1"
  rw section __DLIB_PERTHREAD        in "P2"
  section .eeprom.data               in "P6-P8"
  section .eeprom.noinit             in "P6-P8"
  section .eeprom.rodata             in "P6-P8"


  Section            Kind      Address    Size  Object
  -------            ----      -------    ----  ------
"A0":                                     0x10
  .vregs             uninit   0x000000    0x10  vregs.o [4]
                            - 0x000010    0x10

"P2", part 1 of 2:                        0x5b
  P2-1                        0x000010    0x5b  <Init block>
    .near.data       inited   0x000010     0xe  lcd16x2.o [1]
    .near.data       inited   0x00001e    0x18  lcd16x2.o [1]
    .near.data       inited   0x000036     0xb  main.o [1]
    .near.data       inited   0x000041     0xb  main.o [1]
    .near.data       inited   0x00004c     0x1  main.o [1]
    .near.data       inited   0x00004d     0x1  main.o [1]
    .near.data       inited   0x00004e     0x1  main.o [1]
    .near.data       inited   0x00004f     0x1  main.o [1]
    .near.data       inited   0x000050     0x1  MenuLCD.o [1]
    .near.data       inited   0x000051     0x6  MenuLCD.o [1]
    .near.data       inited   0x000057     0x6  MenuLCD.o [1]
    .near.data       inited   0x00005d     0x6  MenuLCD.o [1]
    .near.data       inited   0x000063     0x6  MenuLCD.o [1]
    .near.data       inited   0x000069     0x2  MenuLCD.o [1]
                            - 0x00006b    0x5b

"P2", part 2 of 2:                        0x7d
  .near.bss          zero     0x00006b    0x14  uart.o [1]
  .near.bss          zero     0x00007f    0x14  uart.o [1]
  .near.bss          zero     0x000093    0x12  main.o [1]
  .near.bss          zero     0x0000a5     0xa  port.o [1]
  .near.bss          zero     0x0000af     0xa  port.o [1]
  .near.bss          zero     0x0000b9     0x7  main.o [1]
  .near.bss          zero     0x0000c0     0x4  Convert.o [1]
  .near.bss          zero     0x0000c4     0x4  main.o [1]
  .near.bss          zero     0x0000c8     0x4  main.o [1]
  .near.bss          zero     0x0000cc     0x2  Convert.o [1]
  .near.bss          zero     0x0000ce     0x2  main.o [1]
  .near.bss          zero     0x0000d0     0x1  FSM.o [1]
  .near.bss          zero     0x0000d1     0x1  FSM.o [1]
  .near.bss          zero     0x0000d2     0x1  FSM.o [1]
  .near.bss          zero     0x0000d3     0x1  FSM.o [1]
  .near.bss          zero     0x0000d4     0x1  FSM.o [1]
  .near.bss          zero     0x0000d5     0x1  gpio.o [1]
  .near.bss          zero     0x0000d6     0x1  lcd16x2.o [1]
  .near.bss          zero     0x0000d7     0x1  lcd16x2.o [1]
  .near.bss          zero     0x0000d8     0x1  main.o [1]
  .near.bss          zero     0x0000d9     0x1  main.o [1]
  .near.bss          zero     0x0000da     0x1  main.o [1]
  .near.bss          zero     0x0000db     0x1  main.o [1]
  .near.bss          zero     0x0000dc     0x1  main.o [1]
  .near.bss          zero     0x0000dd     0x1  main.o [1]
  .near.bss          zero     0x0000de     0x1  main.o [1]
  .near.bss          zero     0x0000df     0x1  main.o [1]
  .near.bss          zero     0x0000e0     0x1  main.o [1]
  .near.bss          zero     0x0000e1     0x1  main.o [1]
  .near.bss          zero     0x0000e2     0x1  main.o [1]
  .near.bss          zero     0x0000e3     0x1  uart.o [1]
  .near.bss          zero     0x0000e4     0x1  uart.o [1]
  .near.bss          zero     0x0000e5     0x1  uart.o [1]
  .near.bss          zero     0x0000e6     0x1  uart.o [1]
  .near.bss          zero     0x0000e7     0x1  uart.o [1]
                            - 0x0000e8    0x7d

"A1":                                    0x100
  CSTACK                      0x000300   0x100  <Block>
    CSTACK           uninit   0x000300   0x100  <Block tail>
                            - 0x000400   0x100

"A2":                                     0x80
  INTVEC                      0x008000    0x80  <Block>
    .intvec          const    0x008000    0x80  interrupt.o [4]
                            - 0x008080    0x80

"P3-P5":                                0x1f2f
  .near_func.text    ro code  0x008080   0x3e4  main.o [1]
  .near_func.text    ro code  0x008464   0x32b  float.o [4]
  .near_func.text    ro code  0x00878f   0x248  FSM.o [1]
  .near_func.text    ro code  0x0089d7   0x15d  button.o [1]
  .near_func.text    ro code  0x008b34   0x131  lcd16x2.o [1]
  .near_func.text    ro code  0x008c65   0x105  lcd16x2.o [1]
  .near_func.text    ro code  0x008d6a    0xf2  Detect.o [1]
  .near_func.text    ro code  0x008e5c    0xf0  lcd16x2.o [1]
  .near_func.text    ro code  0x008f4c    0xec  vreg_util.o [4]
  .near_func.text    ro code  0x009038    0xdd  lcd16x2.o [1]
  .near_func.text    ro code  0x009115    0xd4  button.o [1]
  .near_func.text    ro code  0x0091e9    0xd3  stm8s_uart1.o [1]
  .near_func.text    ro code  0x0092bc    0xd0  stm8s_uart1.o [1]
  .near_func.text    ro code  0x00938c    0xcb  lcd16x2.o [1]
  .near_func.text    ro code  0x009457    0x9e  stm8s_uart1.o [1]
  .near_func.text    ro code  0x0094f5    0x9c  MenuLCD.o [1]
  .near_func.text    ro code  0x009591    0x8e  i2c.o [1]
  .near_func.text    ro code  0x00961f    0x77  CreateFrame.o [1]
  .near_func.text    ro code  0x009696    0x77  CreateFrame.o [1]
  .near_func.text    ro code  0x00970d    0x62  CreateFrame.o [1]
  .near_func.text    ro code  0x00976f    0x61  uart.o [1]
  Initializer bytes  const    0x0097d0    0x5b  <for P2-1>
  .near_func.text    ro code  0x00982b    0x51  port.o [1]
  .near_func.text    ro code  0x00987c    0x51  port.o [1]
  .near.rodata       const    0x0098cd    0x4e  stm8s_uart1.o [1]
  .near_func.text    ro code  0x00991b    0x4e  stm8s_tim1.o [1]
  .near.rodata       const    0x009969    0x4d  stm8s_tim1.o [1]
  .near_func.text    ro code  0x0099b6    0x4a  MenuLCD.o [1]
  .near_func.text    ro code  0x009a00    0x47  uart.o [1]
  .near_func.text    ro code  0x009a47    0x44  short.o [4]
  .near_func.text    ro code  0x009a8b    0x40  uart.o [1]
  .near_func.text    ro code  0x009acb    0x36  stm8s_uart1.o [1]
  .near_func.text    ro code  0x009b01    0x34  i2c.o [1]
  .near_func.text    ro code  0x009b35    0x33  tim.o [1]
  .near_func.text    ro code  0x009b68    0x32  uart.o [1]
  .near_func.text    ro code  0x009b9a    0x31  uart.o [1]
  .near_func.text    ro code  0x009bcb    0x2a  tim.o [1]
  .near_func.text    ro code  0x009bf5    0x28  system.o [1]
  .near_func.text    ro code  0x009c1d    0x28  init_small.o [4]
  .near_func.text    ro code  0x009c45    0x26  long_util.o [4]
  .near_func.text    ro code  0x009c6b    0x26  dc_util.o [4]
  .near_func.text    ro code  0x009c91    0x24  uart.o [1]
  .near_func.text    ro code  0x009cb5    0x23  port.o [1]
  .near_func.text    ro code  0x009cd8    0x22  main.o [1]
  .iar.init_table    const    0x009cfa    0x12  - Linker created -
  .near_func.text    ro code  0x009d0c    0x1f  memcpy.o [4]
  .near_func.text    ro code  0x009d2b    0x1e  init_small.o [4]
  .near_func.text    ro code  0x009d49    0x1a  uart.o [1]
  .near_func.text    ro code  0x009d63    0x19  button.o [1]
  .near_func.text    ro code  0x009d7c    0x18  Convert.o [1]
  .near_func.text    ro code  0x009d94    0x16  gpio.o [1]
  .near_func.text    ro code  0x009daa    0x16  gpio.o [1]
  .near_func.text    ro code  0x009dc0    0x16  lcd16x2.o [1]
  .near_func.text    ro code  0x009dd6    0x16  memset.o [4]
  .near_func.text    ro code  0x009dec    0x15  FSM.o [1]
  .near_func.text    ro code  0x009e01    0x15  port.o [1]
  .near_func.text    ro code  0x009e16    0x15  port.o [1]
  .near_func.text    ro code  0x009e2b    0x14  init.o [4]
  .near_func.text    ro code  0x009e3f    0x14  __dbg_xxexit.o [3]
  .near_func.text    ro code  0x009e53    0x13  cstartup.o [4]
  .near_func.text    ro code  0x009e66    0x12  system.o [1]
  .near_func.text    ro code  0x009e78    0x12  move.o [4]
  .near.rodata       const    0x009e8a    0x11  main.o [1]
  .near.rodata       const    0x009e9b    0x11  main.o [1]
  .near_func.text    ro code  0x009eac    0x10  uart.o [1]
  .near_func.text    ro code  0x009ebc     0xe  tim.o [1]
  .near.rodata       const    0x009eca     0xc  MenuLCD.o [1]
  .near_func.text    ro code  0x009ed6     0xc  Convert.o [1]
  .near_func.text    ro code  0x009ee2     0xc  port.o [1]
  .near_func.text    ro code  0x009eee     0xc  port.o [1]
  .near.rodata       const    0x009efa     0xb  MenuLCD.o [1]
  .near.rodata       const    0x009f05     0xb  MenuLCD.o [1]
  .near_func.text    ro code  0x009f10     0xb  port.o [1]
  .near.rodata       const    0x009f1b     0x9  MenuLCD.o [1]
  .near.rodata       const    0x009f24     0x9  MenuLCD.o [1]
  .near.rodata       const    0x009f2d     0x7  lcd16x2.o [1]
  .near.rodata       const    0x009f34     0x6  lcd16x2.o [1]
  .near.rodata       const    0x009f3a     0x6  MenuLCD.o [1]
  .near.rodata       const    0x009f40     0x5  lcd16x2.o [1]
  .near.rodata       const    0x009f45     0x5  lcd16x2.o [1]
  .near.rodata       const    0x009f4a     0x5  lcd16x2.o [1]
  .near_func.text    ro code  0x009f4f     0x5  i2c.o [1]
  .near_func.text    ro code  0x009f54     0x5  cexit.o [4]
  .near.rodata       const    0x009f59     0x4  lcd16x2.o [1]
  .near.rodata       const    0x009f5d     0x4  lcd16x2.o [1]
  .near.rodata       const    0x009f61     0x4  lcd16x2.o [1]
  .near.rodata       const    0x009f65     0x4  lcd16x2.o [1]
  .near.rodata       const    0x009f69     0x4  lcd16x2.o [1]
  .near.rodata       const    0x009f6d     0x4  lcd16x2.o [1]
  .near.rodata       const    0x009f71     0x4  lcd16x2.o [1]
  .near.rodata       const    0x009f75     0x4  lcd16x2.o [1]
  .near.rodata       const    0x009f79     0x4  lcd16x2.o [1]
  .near.rodata       const    0x009f7d     0x4  lcd16x2.o [1]
  .near.rodata       const    0x009f81     0x4  lcd16x2.o [1]
  .near.rodata       const    0x009f85     0x4  lcd16x2.o [1]
  .near.rodata       const    0x009f89     0x4  lcd16x2.o [1]
  .near.rodata       const    0x009f8d     0x4  lcd16x2.o [1]
  .near_func.text    ro code  0x009f91     0x4  FSM.o [1]
  .near_func.text    ro code  0x009f95     0x4  stm8s_uart1.o [1]
  .near_func.text    ro code  0x009f99     0x3  GetData.o [1]
  .near_func.text    ro code  0x009f9c     0x3  GetData.o [1]
  .near_func.text    ro code  0x009f9f     0x3  interrupt.o [4]
  .near_func.text    ro code  0x009fa2     0x3  low_level_init.o [4]
  .near_func.text    ro code  0x009fa5     0x3  exit.o [4]
  .near_func.text    ro code  0x009fa8     0x3  unhandled_exception.o [4]
  .near.rodata       const    0x009fab     0x2  MenuLCD.o [1]
  .near_func.text    ro code  0x009fad     0x1  main.o [1]
  .near_func.text    ro code  0x009fae     0x1  __dbg_break.o [3]
                            - 0x009faf  0x1f2f


*******************************************************************************
*** INIT TABLE
***

          Address   Size
          -------   ----
Zero (__iar_zero_init2)
    1 destination range, total size 0x7d:
          0x00006b  0x7d

Copy (__iar_copy_init2)
    1 source range, total size 0x5b:
          0x0097d0  0x5b
    1 destination range, total size 0x5b:
          0x000010  0x5b



*******************************************************************************
*** MODULE SUMMARY
***

    Module                 ro code  ro data  rw data
    ------                 -------  -------  -------
D:\1.Project_LAB_PTIT\1.STM8s\1.DocCamBien\1.MASTER\project\Debug\Obj: [1]
    Convert.o                   36                 6
    CreateFrame.o              336
    Detect.o                   242
    FSM.o                      609                 5
    GetData.o                    6
    MenuLCD.o                  230       87       27
    button.o                   586
    gpio.o                      44                 1
    i2c.o                      199
    lcd16x2.o                1 252      122       40
    main.o                   1 031       60       72
    port.o                     274                20
    stm8s_tim1.o                78       77
    stm8s_uart1.o              635       78
    system.o                    58
    tim.o                      107
    uart.o                     409                45
    ------------------------------------------------
    Total:                   6 132      424      216

command line: [2]
    ------------------------------------------------
    Total:

dbgstm8smd.a: [3]
    __dbg_break.o                1
    __dbg_xxexit.o              20
    ------------------------------------------------
    Total:                      21

dlstm8smn.a: [4]
    cexit.o                      5
    cstartup.o                  19
    dc_util.o                   38
    exit.o                       3
    float.o                    811
    init.o                      20
    init_small.o                70
    interrupt.o                  3      128
    long_util.o                 38
    low_level_init.o             3
    memcpy.o                    31
    memset.o                    22
    move.o                      18
    short.o                     68
    unhandled_exception.o        3
    vreg_util.o                236
    vregs.o                                       16
    ------------------------------------------------
    Total:                   1 388      128       16

    Linker created                       18      256
----------------------------------------------------
    Grand Total:             7 541      570      488


*******************************************************************************
*** ENTRY LIST
***

Entry                    Address   Size  Type      Object
-----                    -------   ----  ----      ------
.iar.init_table$$Base   0x009cfa          --   Gb  - Linker created -
.iar.init_table$$Limit  0x009d0c          --   Gb  - Linker created -
?b0                     0x000000         Data  Gb  vregs.o [4]
?b1                     0x000001         Data  Gb  vregs.o [4]
?b10                    0x00000a         Data  Gb  vregs.o [4]
?b11                    0x00000b         Data  Gb  vregs.o [4]
?b12                    0x00000c         Data  Gb  vregs.o [4]
?b13                    0x00000d         Data  Gb  vregs.o [4]
?b14                    0x00000e         Data  Gb  vregs.o [4]
?b15                    0x00000f         Data  Gb  vregs.o [4]
?b2                     0x000002         Data  Gb  vregs.o [4]
?b3                     0x000003         Data  Gb  vregs.o [4]
?b4                     0x000004         Data  Gb  vregs.o [4]
?b5                     0x000005         Data  Gb  vregs.o [4]
?b6                     0x000006         Data  Gb  vregs.o [4]
?b7                     0x000007         Data  Gb  vregs.o [4]
?b8                     0x000008         Data  Gb  vregs.o [4]
?b9                     0x000009         Data  Gb  vregs.o [4]
?dc16_w0                0x009c6b         Code  Gb  dc_util.o [4]
?dc32_l1                0x009c79         Code  Gb  dc_util.o [4]
?dc32_px                0x009c86         Code  Gb  dc_util.o [4]
?e0                     0x000001         Data  Gb  vregs.o [4]
?e1                     0x000005         Data  Gb  vregs.o [4]
?e2                     0x000009         Data  Gb  vregs.o [4]
?e3                     0x00000d         Data  Gb  vregs.o [4]
?epilogue_l2            0x008fdb         Code  Gb  vreg_util.o [4]
?epilogue_l2_l3         0x008fd8         Code  Gb  vreg_util.o [4]
?epilogue_w4            0x008fdf         Code  Gb  vreg_util.o [4]
?fadd32_l0_l0_l1        0x008487         Code  Gb  float.o [4]
?fcastf32s16_l0_x       0x00864a         Code  Gb  float.o [4]
?fcasts16f32_x_l0       0x00866d         Code  Gb  float.o [4]
?fcmplt32_c_l0_0x       0x0085f4         Code  Gb  float.o [4]
?fcmplt32_c_l0_dc32     0x0085ef         Code  Gb  float.o [4]
?fmul32_l0_l0_dc32      0x008555         Code  Gb  float.o [4]
?fmul32_l0_l0_l1        0x00855a         Code  Gb  float.o [4]
?fsub32_l0_l0_l1        0x008481         Code  Gb  float.o [4]
?l0                     0x000000         Data  Gb  vregs.o [4]
?l1                     0x000004         Data  Gb  vregs.o [4]
?l2                     0x000008         Data  Gb  vregs.o [4]
?l3                     0x00000c         Data  Gb  vregs.o [4]
?load32_0x_l0           0x009c5d         Code  Gb  long_util.o [4]
?load32_l0_0x           0x009c45         Code  Gb  long_util.o [4]
?load32_l1_0x           0x009c51         Code  Gb  long_util.o [4]
?longfarg16_v_w0_a      0x009e78         Code  Gb  move.o [4]
?longfarg16_v_w0_x      0x009e7a         Code  Gb  move.o [4]
?mov_e0_e1              0x008fed         Code  Gb  vreg_util.o [4]
?mov_e0_e2              0x008ffa         Code  Gb  vreg_util.o [4]
?mov_e0_e3              0x009007         Code  Gb  vreg_util.o [4]
?mov_e1_e0              0x009014         Code  Gb  vreg_util.o [4]
?mov_e2_e1              0x009021         Code  Gb  vreg_util.o [4]
?mov_e3_e0              0x00902e         Code  Gb  vreg_util.o [4]
?mov_l0_l1              0x008fea         Code  Gb  vreg_util.o [4]
?mov_l0_l2              0x008ff7         Code  Gb  vreg_util.o [4]
?mov_l0_l3              0x009004         Code  Gb  vreg_util.o [4]
?mov_l1_l0              0x009011         Code  Gb  vreg_util.o [4]
?mov_l2_l1              0x00901e         Code  Gb  vreg_util.o [4]
?mov_l3_l0              0x00902b         Code  Gb  vreg_util.o [4]
?mov_w1_w3              0x008ff0         Code  Gb  vreg_util.o [4]
?mov_w1_w5              0x008ffd         Code  Gb  vreg_util.o [4]
?mov_w1_w7              0x00900a         Code  Gb  vreg_util.o [4]
?mov_w2_w1              0x008fe3         Code  Gb  vreg_util.o [4]
?mov_w3_w1              0x009017         Code  Gb  vreg_util.o [4]
?mov_w5_w3              0x009024         Code  Gb  vreg_util.o [4]
?mov_w7_w1              0x009031         Code  Gb  vreg_util.o [4]
?pop_l0                 0x008fa4         Code  Gb  vreg_util.o [4]
?pop_l1                 0x008faf         Code  Gb  vreg_util.o [4]
?pop_l2                 0x008fba         Code  Gb  vreg_util.o [4]
?pop_l3                 0x008fc5         Code  Gb  vreg_util.o [4]
?pop_w4                 0x008f64         Code  Gb  vreg_util.o [4]
?push_l0                0x008f73         Code  Gb  vreg_util.o [4]
?push_l1                0x008f78         Code  Gb  vreg_util.o [4]
?push_l2                0x008f7d         Code  Gb  vreg_util.o [4]
?push_l3                0x008f82         Code  Gb  vreg_util.o [4]
?push_w4                0x008f4c         Code  Gb  vreg_util.o [4]
?sdiv16_x_x_y           0x009a47         Code  Gb  short.o [4]
?sll16_x_x_a            0x009a7b         Code  Gb  short.o [4]
?smod16_y_x_y           0x009a60         Code  Gb  short.o [4]
?sra16_x_x_a            0x009a83         Code  Gb  short.o [4]
?w0                     0x000000         Data  Gb  vregs.o [4]
?w1                     0x000002         Data  Gb  vregs.o [4]
?w2                     0x000004         Data  Gb  vregs.o [4]
?w3                     0x000006         Data  Gb  vregs.o [4]
?w4                     0x000008         Data  Gb  vregs.o [4]
?w5                     0x00000a         Data  Gb  vregs.o [4]
?w6                     0x00000c         Data  Gb  vregs.o [4]
?w7                     0x00000e         Data  Gb  vregs.o [4]
?xor16_x_x_dw           0x009a70         Code  Gb  short.o [4]
?xor16_x_x_w0           0x009a73         Code  Gb  short.o [4]
Bcd_To_Binary           0x009dc0   0x16  Code  Lc  lcd16x2.o [1]
ButtonA2                0x000036    0xb  Data  Gb  main.o [1]
ButtonA3                0x000041    0xb  Data  Gb  main.o [1]
Button_Init             0x009d63   0x19  Code  Gb  button.o [1]
Button_ReadInput        0x009115   0xd4  Code  Gb  button.o [1]
Button_Run              0x0089d7  0x15d  Code  Gb  button.o [1]
CLK_HSI_16Mhz_config    0x009e66   0x12  Code  Gb  system.o [1]
CSTACK$$Base            0x000300          --   Gb  - Linker created -
CSTACK$$Limit           0x000400          --   Gb  - Linker created -
Check_Fsm_Flag_New_Message
                        0x009f91    0x4  Code  Gb  FSM.o [1]
Check_Sum               0x00970d   0x62  Code  Gb  CreateFrame.o [1]
Check_event_send_7bits_address
                        0x0095b6   0x1b  Code  Gb  i2c.o [1]
Check_event_send_data   0x0095d1   0x20  Code  Gb  i2c.o [1]
Check_event_start       0x0095a4   0x12  Code  Gb  i2c.o [1]
Clear_All_State_Fsm     0x009dec   0x15  Code  Gb  FSM.o [1]
Convert_bytes_into_float
                        0x009d7c   0x18  Code  Gb  Convert.o [1]
Convert_bytes_into_float::tmp
                        0x0000c0    0x4  Data  Lc  Convert.o [1]
Convert_bytes_into_uint16_t
                        0x009ed6    0xc  Code  Gb  Convert.o [1]
Convert_bytes_into_uint16_t::tmp
                        0x0000cc    0x2  Data  Lc  Convert.o [1]
Delay_ms                0x009bf5   0x28  Code  Gb  system.o [1]
FSM_Get_Message         0x00878f  0x248  Code  Gb  FSM.o [1]
Get_Sensor              0x009f9c    0x3  Code  Gb  GetData.o [1]
Get_flag_status_of_bus  0x00959e    0x6  Code  Gb  i2c.o [1]
Get_slave               0x009f99    0x3  Code  Gb  GetData.o [1]
Gpio_Read_Input_Port_A  0x009d94   0x16  Code  Gb  gpio.o [1]
Gpio_Read_Input_Port_D  0x009daa   0x16  Code  Gb  gpio.o [1]
I2c_Init                0x009b01   0x34  Code  Gb  i2c.o [1]
I2c_generate_start      0x009f4f    0x5  Code  Gb  i2c.o [1]
I2c_generate_stop       0x009591    0x5  Code  Gb  i2c.o [1]
I2c_send_7bits_address  0x009596    0x4  Code  Gb  i2c.o [1]
I2c_send_data           0x00959a    0x4  Code  Gb  i2c.o [1]
I2c_write               0x0095f1   0x2e  Code  Gb  i2c.o [1]
INTVEC$$Base            0x008000          --   Gb  - Linker created -
INTVEC$$Limit           0x008080          --   Gb  - Linker created -
LCD_Display_Float       0x008b34  0x131  Code  Gb  lcd16x2.o [1]
LCD_Init                0x008d01   0x4a  Code  Gb  lcd16x2.o [1]
LCD_Send16BitNumber     0x009038   0xdd  Code  Gb  lcd16x2.o [1]
LCD_Send16BitNumber_RTC
                        0x00938c   0xcb  Code  Gb  lcd16x2.o [1]
LCD_SendCommand         0x008c65   0x41  Code  Gb  lcd16x2.o [1]
LCD_SendData            0x008ca6   0x41  Code  Gb  lcd16x2.o [1]
LCD_SendString          0x008ce7   0x1a  Code  Gb  lcd16x2.o [1]
LCD_Set_Cursor          0x008d4b   0x1f  Code  Gb  lcd16x2.o [1]
MainMenu                0x000063    0x6  Data  Gb  MenuLCD.o [1]
Menu_Display_Select     0x0099b6   0x4a  Code  Gb  MenuLCD.o [1]
Message_Detect_TypeMessage
                        0x008d6a   0xf2  Code  Gb  Detect.o [1]
Message_Frame_Create_Ask_Data_Sensor
                        0x009696   0x77  Code  Gb  CreateFrame.o [1]
Message_Frame_Create_Set_Slave
                        0x00961f   0x77  Code  Gb  CreateFrame.o [1]
Process_Received_Byte   0x00976f   0x61  Code  Gb  uart.o [1]
RTC                     0x000051    0x6  Data  Gb  MenuLCD.o [1]
Receive_Slave_Data_LUX  0x009e01   0x15  Code  Gb  port.o [1]
Receive_Slave_Data_NTC  0x009e16   0x15  Code  Gb  port.o [1]
Receive_Slave_Data_RES  0x009f10    0xb  Code  Gb  port.o [1]
Receive_Slave_Data_RTC  0x009cb5   0x23  Code  Gb  port.o [1]
Region$$Table$$Base     0x009cfa          --   Gb  - Linker created -
Region$$Table$$Limit    0x009d0c          --   Gb  - Linker created -
Request_Slave           0x009ee2    0xc  Code  Gb  port.o [1]
Request_Slave_Data      0x009eee    0xc  Code  Gb  port.o [1]
SLAVE1_MENU             0x00005d    0x6  Data  Gb  MenuLCD.o [1]
SLAVE2_MENU             0x000057    0x6  Data  Gb  MenuLCD.o [1]
Send_Data_To_LCD        0x0094f5   0x9c  Code  Gb  MenuLCD.o [1]
Send_RTC_To_LCD         0x008e5c   0xf0  Code  Gb  lcd16x2.o [1]
TIM1_BaseInit           0x009b35   0x33  Code  Gb  tim.o [1]
TIM1_CLEAR_IT_PENDING   0x009ebc    0xe  Code  Gb  tim.o [1]
TIM1_ITConfig           0x00991b   0x4e  Code  Gb  stm8s_tim1.o [1]
TIM1_IT_Config          0x009bcb   0x2a  Code  Gb  tim.o [1]
TIM1_UPD_OVF_IRQHandler
                        0x009cd8   0x22  Code  Gb  main.o [1]
UART1_ClearITPendingBit
                        0x009acb   0x36  Code  Gb  stm8s_uart1.o [1]
UART1_GetFlagStatus     0x009457   0x9e  Code  Gb  stm8s_uart1.o [1]
UART1_GetITStatus       0x0091e9   0xd3  Code  Gb  stm8s_uart1.o [1]
UART1_ITConfig          0x0092bc   0xd0  Code  Gb  stm8s_uart1.o [1]
UART1_RX_IRQHandler     0x009b68   0x32  Code  Gb  uart.o [1]
UART1_SendData8         0x009f95    0x4  Code  Gb  stm8s_uart1.o [1]
UART1_TX_IRQHandler     0x009a00   0x47  Code  Gb  uart.o [1]
UART_Check_New_Message  0x009d49   0x1a  Code  Gb  uart.o [1]
UART_Clear_All_Flag     0x009eac   0x10  Code  Gb  uart.o [1]
UART_Configuration      0x009a8b   0x40  Code  Gb  uart.o [1]
UART_Send_Array_IT      0x009b9a   0x31  Code  Gb  uart.o [1]
Wait_For_Ack            0x00982b   0x51  Code  Gb  port.o [1]
Wait_For_Respond        0x00987c   0x51  Code  Gb  port.o [1]
Wait_For_UART_Frame_1s  0x009c91   0x24  Code  Gb  uart.o [1]
__DebugBreak            0x009fae    0x1  Code  Gb  __dbg_break.o [3]
__exit                  0x009e3f   0x14  Code  Gb  __dbg_xxexit.o [3]
__iar_copy_init2        0x009c1d         Code  Gb  init_small.o [4]
__iar_data_init2        0x009e2b   0x14  Code  Gb  init.o [4]
__iar_program_start     0x009e53         Code  Gb  cstartup.o [4]
__iar_unhandled_exception
                        0x009fa8         Code  Gb  unhandled_exception.o [4]
__iar_zero_init2        0x009d2b         Code  Gb  init_small.o [4]
__intvec                0x008000         Data  Gb  interrupt.o [4]
__low_level_init        0x009fa2    0x3  Code  Gb  low_level_init.o [4]
_exit                   0x009f54         Code  Gb  cexit.o [4]
_interrupt_13           0x009cd8         Code  Gb  main.o [1]
_interrupt_19           0x009a00         Code  Gb  uart.o [1]
_interrupt_20           0x009b68         Code  Gb  uart.o [1]
array_receive           0x00006b   0x14  Data  Gb  uart.o [1]
array_set_slave         0x0000a5    0xa  Data  Gb  port.o [1]
assert_failed           0x009fad    0x1  Code  Gb  main.o [1]
button_flag             0x0000e1    0x1  Data  Gb  main.o [1]
count_array_receive     0x0000e3    0x1  Data  Gb  uart.o [1]
count_element_arr       0x0000d1    0x1  Data  Gb  FSM.o [1]
count_timeout_uart      0x0000e4    0x1  Data  Gb  uart.o [1]
currentMenu             0x000069    0x2  Data  Gb  MenuLCD.o [1]
data_sensor1            0x0000c4    0x4  Data  Gb  main.o [1]
data_sensor2            0x0000ce    0x2  Data  Gb  main.o [1]
data_sensor3            0x0000b9    0x7  Data  Gb  main.o [1]
data_sensor4            0x0000c8    0x4  Data  Gb  main.o [1]
days_of_week            0x000010    0xe  Data  Gb  lcd16x2.o [1]
detected_frame          0x000093   0x12  Data  Gb  main.o [1]
exit                    0x009fa5    0x3  Code  Gb  exit.o [4]
flag_array_receive      0x0000e5    0x1  Data  Gb  uart.o [1]
flag_fsm_new_message    0x0000d4    0x1  Data  Gb  FSM.o [1]
fsm_state               0x0000d0    0x1  Data  Gb  FSM.o [1]
highNibble              0x0000d6    0x1  Data  Gb  lcd16x2.o [1]
length_fsm              0x0000d3    0x1  Data  Gb  FSM.o [1]
lowNibble               0x0000d7    0x1  Data  Gb  lcd16x2.o [1]
main                    0x008080  0x3e4  Code  Gb  main.o [1]
memcpy                  0x009d0c   0x1f  Code  Gb  memcpy.o [4]
memset                  0x009dd6   0x16  Code  Gb  memset.o [4]
months                  0x00001e   0x18  Data  Gb  lcd16x2.o [1]
receive_confirm_slave1_sensorLux
                        0x0000d8    0x1  Data  Gb  main.o [1]
receive_confirm_slave1_sensorRES
                        0x0000d9    0x1  Data  Gb  main.o [1]
receive_confirm_slave2_sensorNTC
                        0x0000dd    0x1  Data  Gb  main.o [1]
receive_confirm_slave2_sensorRTC
                        0x0000dc    0x1  Data  Gb  main.o [1]
receive_data_slave1_sensorLux
                        0x0000da    0x1  Data  Gb  main.o [1]
receive_data_slave1_sensorRES
                        0x0000db    0x1  Data  Gb  main.o [1]
receive_data_slave2_sensorNTC
                        0x0000df    0x1  Data  Gb  main.o [1]
receive_data_slave2_sensorRTC
                        0x0000de    0x1  Data  Gb  main.o [1]
receive_flag            0x0000e0    0x1  Data  Gb  main.o [1]
requestFrame            0x0000af    0xa  Data  Gb  port.o [1]
select                  0x000050    0x1  Data  Gb  MenuLCD.o [1]
slave1_lux              0x00004c    0x1  Data  Gb  main.o [1]
slave1_res              0x00004d    0x1  Data  Gb  main.o [1]
slave2_ntc              0x00004f    0x1  Data  Gb  main.o [1]
slave2_rtc              0x00004e    0x1  Data  Gb  main.o [1]
start_flag              0x0000e2    0x1  Data  Gb  main.o [1]
txBuffer                0x00007f   0x14  Data  Gb  uart.o [1]
txIndex                 0x0000e6    0x1  Data  Gb  uart.o [1]
txLength                0x0000e7    0x1  Data  Gb  uart.o [1]
type_mess_fsm           0x0000d2    0x1  Data  Gb  FSM.o [1]
value                   0x0000d5    0x1  Data  Gb  gpio.o [1]


[1] = D:\1.Project_LAB_PTIT\1.STM8s\1.DocCamBien\1.MASTER\project\Debug\Obj
[2] = command line
[3] = dbgstm8smd.a
[4] = dlstm8smn.a

  7 541 bytes of readonly  code memory
    570 bytes of readonly  data memory
    488 bytes of readwrite data memory

Errors: none
Warnings: none
