###############################################################################
#
# IAR ELF Linker V3.11.1.207 for STM8                     03/Apr/2025  09:28:29
# Copyright 2010-2019 IAR Systems AB.
#
#    Output file  =  
#        D:\1.Project_LAB_PTIT\1.STM8s\1.DocCamBien\2.SLAVE\2.SLAVE_2\project\Debug\Exe\SLAVE_2.out
#    Map file     =  
#        D:\1.Project_LAB_PTIT\1.STM8s\1.DocCamBien\2.SLAVE\2.SLAVE_2\project\Debug\List\SLAVE_2.map
#    Command line =  
#        -f C:\Users\THANHP~1\AppData\Local\Temp\EWC486.tmp
#        (D:\1.Project_LAB_PTIT\1.STM8s\1.DocCamBien\2.SLAVE\2.SLAVE_2\project\Debug\Obj\button.o
#        D:\1.Project_LAB_PTIT\1.STM8s\1.DocCamBien\2.SLAVE\2.SLAVE_2\project\Debug\Obj\Convert.o
#        D:\1.Project_LAB_PTIT\1.STM8s\1.DocCamBien\2.SLAVE\2.SLAVE_2\project\Debug\Obj\CreateFrame.o
#        D:\1.Project_LAB_PTIT\1.STM8s\1.DocCamBien\2.SLAVE\2.SLAVE_2\project\Debug\Obj\Detect.o
#        D:\1.Project_LAB_PTIT\1.STM8s\1.DocCamBien\2.SLAVE\2.SLAVE_2\project\Debug\Obj\FSM.o
#        D:\1.Project_LAB_PTIT\1.STM8s\1.DocCamBien\2.SLAVE\2.SLAVE_2\project\Debug\Obj\GetData.o
#        D:\1.Project_LAB_PTIT\1.STM8s\1.DocCamBien\2.SLAVE\2.SLAVE_2\project\Debug\Obj\gpio.o
#        D:\1.Project_LAB_PTIT\1.STM8s\1.DocCamBien\2.SLAVE\2.SLAVE_2\project\Debug\Obj\i2c.o
#        D:\1.Project_LAB_PTIT\1.STM8s\1.DocCamBien\2.SLAVE\2.SLAVE_2\project\Debug\Obj\lcd16x2.o
#        D:\1.Project_LAB_PTIT\1.STM8s\1.DocCamBien\2.SLAVE\2.SLAVE_2\project\Debug\Obj\main.o
#        D:\1.Project_LAB_PTIT\1.STM8s\1.DocCamBien\2.SLAVE\2.SLAVE_2\project\Debug\Obj\MenuLCD.o
#        D:\1.Project_LAB_PTIT\1.STM8s\1.DocCamBien\2.SLAVE\2.SLAVE_2\project\Debug\Obj\NTC.o
#        D:\1.Project_LAB_PTIT\1.STM8s\1.DocCamBien\2.SLAVE\2.SLAVE_2\project\Debug\Obj\RTC.o
#        D:\1.Project_LAB_PTIT\1.STM8s\1.DocCamBien\2.SLAVE\2.SLAVE_2\project\Debug\Obj\slaved_port.o
#        D:\1.Project_LAB_PTIT\1.STM8s\1.DocCamBien\2.SLAVE\2.SLAVE_2\project\Debug\Obj\stm8s_clk.o
#        D:\1.Project_LAB_PTIT\1.STM8s\1.DocCamBien\2.SLAVE\2.SLAVE_2\project\Debug\Obj\stm8s_gpio.o
#        D:\1.Project_LAB_PTIT\1.STM8s\1.DocCamBien\2.SLAVE\2.SLAVE_2\project\Debug\Obj\stm8s_i2c.o
#        D:\1.Project_LAB_PTIT\1.STM8s\1.DocCamBien\2.SLAVE\2.SLAVE_2\project\Debug\Obj\stm8s_tim1.o
#        D:\1.Project_LAB_PTIT\1.STM8s\1.DocCamBien\2.SLAVE\2.SLAVE_2\project\Debug\Obj\stm8s_uart1.o
#        D:\1.Project_LAB_PTIT\1.STM8s\1.DocCamBien\2.SLAVE\2.SLAVE_2\project\Debug\Obj\system.o
#        D:\1.Project_LAB_PTIT\1.STM8s\1.DocCamBien\2.SLAVE\2.SLAVE_2\project\Debug\Obj\tim.o
#        D:\1.Project_LAB_PTIT\1.STM8s\1.DocCamBien\2.SLAVE\2.SLAVE_2\project\Debug\Obj\uart.o
#        --redirect _Printf=_PrintfSmall --redirect _Scanf=_ScanfSmall
#        --no_out_extension -o
#        D:\1.Project_LAB_PTIT\1.STM8s\1.DocCamBien\2.SLAVE\2.SLAVE_2\project\Debug\Exe\SLAVE_2.out
#        --map
#        D:\1.Project_LAB_PTIT\1.STM8s\1.DocCamBien\2.SLAVE\2.SLAVE_2\project\Debug\List\SLAVE_2.map
#        --config "C:\Program Files (x86)\IAR Systems\Embedded Workbench
#        8.3\stm8\config\lnkstm8s103f3.icf" --config_def _CSTACK_SIZE=0x100
#        --config_def _HEAP_SIZE=0x100 --entry __iar_program_start --debug_lib)
#
###############################################################################

*******************************************************************************
*** RUNTIME MODEL ATTRIBUTES
***

__SystemLibrary            = DLib
__code_model               = small
__core                     = stm8
__data_model               = medium
__dlib_file_descriptor     = 0
__dlib_full_locale_support = 0
__rt_version               = 4


*******************************************************************************
*** PLACEMENT SUMMARY
***

"A0":  place at start of [0x000000-0x0000ff] { rw section .vregs };
"A1":  place at end of [0x000000-0x0003ff] { block CSTACK };
"P2":  place in [from 0x000000 to 0x0003ff] {
          block HEAP, rw section __DLIB_PERTHREAD, rw section .far.bss,
          rw section .far.data, rw section .far.noinit,
          rw section .far_func.textrw, rw section .huge.bss,
          rw section .huge.data, rw section .huge.noinit,
          rw section .huge_func.textrw, rw section .iar.dynexit,
          rw section .near.bss, rw section .near.data, rw section .near.noinit,
          rw section .near_func.textrw };
"A2":  place at start of [0x008000-0x009fff] { block INTVEC };
"P3":  place in [from 0x008000 to 0x009fff] {
          ro section __DLIB_PERTHREAD_init, ro section .far.data_init,
          ro section .far_func.textrw_init, ro section .huge.data_init,
          ro section .huge_func.textrw_init, ro section .iar.init_table,
          ro section .init_array, ro section .near.data_init,
          ro section .near.rodata, ro section .near_func.text,
          ro section .near_func.textrw_init, ro section .tiny.data_init,
          ro section .tiny.rodata_init };
"P4":  place in [from 0x008000 to 0x009fff] {
          ro section .far.rodata, ro section .far_func.text };
"P5":  place in [from 0x008000 to 0x009fff] {
          ro section .huge.rodata, ro section .huge_func.text };
do not initialize {
   rw section .eeprom.noinit, rw section .far.noinit, rw section .huge.noinit,
   rw section .near.noinit, rw section .tiny.noinit, rw section .vregs };
initialize by copy {
   rw section .far.bss, rw section .far.data, rw section .far_func.textrw,
   rw section .huge.bss, rw section .huge.data, rw section .huge_func.textrw,
   rw section .iar.dynexit, rw section .near.bss, rw section .near.data,
   rw section .near_func.textrw, rw section .tiny.bss, rw section .tiny.data,
   ro section .tiny.rodata };

No sections matched the following patterns:

  ro section .far.data_init          in "P3-P5"
  ro section .far.rodata             in "P3-P5"
  ro section .far_func.text          in "P3-P5"
  ro section .far_func.textrw_init   in "P3-P5"
  ro section .huge.data_init         in "P3-P5"
  ro section .huge.rodata            in "P3-P5"
  ro section .huge_func.text         in "P3-P5"
  ro section .huge_func.textrw_init  in "P3-P5"
  ro section .iar.init_table         in "P3-P5"
  ro section .init_array             in "P3-P5"
  ro section .near_func.textrw_init  in "P3-P5"
  ro section .tiny.data_init         in "P3-P5"
  ro section .tiny.rodata_init       in "P3-P5"
  ro section __DLIB_PERTHREAD_init   in "P3-P5"
  rw section .far.bss                in "P2"
  rw section .far.data               in "P2"
  rw section .far.noinit             in "P2"
  rw section .far_func.textrw        in "P2"
  rw section .huge.bss               in "P2"
  rw section .huge.data              in "P2"
  rw section .huge.noinit            in "P2"
  rw section .huge_func.textrw       in "P2"
  rw section .iar.dynexit            in "P2"
  rw section .near.noinit            in "P2"
  rw section .near_func.textrw       in "P2"
  rw section .tiny.bss               in "P1"
  rw section .tiny.data              in "P1"
  rw section .tiny.noinit            in "P1"
  rw section .tiny.rodata            in "P1"
  rw section __DLIB_PERTHREAD        in "P2"
  section .eeprom.data               in "P6-P8"
  section .eeprom.noinit             in "P6-P8"
  section .eeprom.rodata             in "P6-P8"


  Section            Kind      Address    Size  Object
  -------            ----      -------    ----  ------
"A0":                                     0x10
  .vregs             uninit   0x000000    0x10  vregs.o [4]
                            - 0x000010    0x10

"P2", part 1 of 2:                         0x2
  P2-1                        0x000010     0x2  <Init block>
    .near.data       inited   0x000010     0x1  main.o [1]
    .near.data       inited   0x000011     0x1  main.o [1]
                            - 0x000012     0x2

"P2", part 2 of 2:                        0x82
  .near.bss          zero     0x000012    0x14  uart.o [1]
  .near.bss          zero     0x000026    0x14  uart.o [1]
  .near.bss          zero     0x00003a    0x12  main.o [1]
  .near.bss          zero     0x00004c    0x11  slaved_port.o [1]
  .near.bss          zero     0x00005d     0xe  slaved_port.o [1]
  .near.bss          zero     0x00006b     0xa  slaved_port.o [1]
  .near.bss          zero     0x000075     0x7  slaved_port.o [1]
  .near.bss          zero     0x00007c     0x4  Convert.o [1]
  .near.bss          zero     0x000080     0x4  main.o [1]
  .near.bss          zero     0x000084     0x4  main.o [1]
  .near.bss          zero     0x000088     0x2  Convert.o [1]
  .near.bss          zero     0x00008a     0x1  FSM.o [1]
  .near.bss          zero     0x00008b     0x1  FSM.o [1]
  .near.bss          zero     0x00008c     0x1  FSM.o [1]
  .near.bss          zero     0x00008d     0x1  FSM.o [1]
  .near.bss          zero     0x00008e     0x1  FSM.o [1]
  .near.bss          zero     0x00008f     0x1  uart.o [1]
  .near.bss          zero     0x000090     0x1  uart.o [1]
  .near.bss          zero     0x000091     0x1  uart.o [1]
  .near.bss          zero     0x000092     0x1  uart.o [1]
  .near.bss          zero     0x000093     0x1  uart.o [1]
                            - 0x000094    0x82

"A1":                                    0x100
  CSTACK                      0x000300   0x100  <Block>
    CSTACK           uninit   0x000300   0x100  <Block tail>
                            - 0x000400   0x100

"A2":                                     0x80
  INTVEC                      0x008000    0x80  <Block>
    .intvec          const    0x008000    0x80  interrupt.o [4]
                            - 0x008080    0x80

"P3-P5":                                0x185d
  .near_func.text    ro code  0x008080   0x248  FSM.o [1]
  .near_func.text    ro code  0x0082c8   0x1c4  main.o [1]
  .near_func.text    ro code  0x00848c   0x110  stm8s_gpio.o [1]
  .near_func.text    ro code  0x00859c    0xf2  Detect.o [1]
  .near_func.text    ro code  0x00868e    0xde  stm8s_clk.o [1]
  .near_func.text    ro code  0x00876c    0xd3  stm8s_uart1.o [1]
  .near_func.text    ro code  0x00883f    0xd1  stm8s_i2c.o [1]
  .near_func.text    ro code  0x008910    0xd0  stm8s_uart1.o [1]
  .near_func.text    ro code  0x0089e0    0xb8  CreateFrame.o [1]
  .near_func.text    ro code  0x008a98    0xac  CreateFrame.o [1]
  .near_func.text    ro code  0x008b44    0xa5  vreg_util.o [4]
  .near_func.text    ro code  0x008be9    0x9e  stm8s_uart1.o [1]
  .near_func.text    ro code  0x008c87    0x8a  RTC.o [1]
  .near_func.text    ro code  0x008d11    0x88  NTC.o [1]
  .near_func.text    ro code  0x008d99    0x87  uart.o [1]
  .near_func.text    ro code  0x008e20    0x7e  RTC.o [1]
  .near_func.text    ro code  0x008e9e    0x77  CreateFrame.o [1]
  .near_func.text    ro code  0x008f15    0x62  CreateFrame.o [1]
  .near_func.text    ro code  0x008f77    0x5d  RTC.o [1]
  .near_func.text    ro code  0x008fd4    0x59  RTC.o [1]
  .near.rodata       const    0x00902d    0x57  stm8s_uart1.o [1]
  .near.rodata       const    0x009084    0x56  stm8s_gpio.o [1]
  .near.rodata       const    0x0090da    0x55  stm8s_clk.o [1]
  .near.rodata       const    0x00912f    0x55  stm8s_i2c.o [1]
  .near_func.text    ro code  0x009184    0x54  slaved_port.o [1]
  .near_func.text    ro code  0x0091d8    0x54  slaved_port.o [1]
  .near_func.text    ro code  0x00922c    0x53  NTC.o [1]
  .near_func.text    ro code  0x00927f    0x47  uart.o [1]
  .near_func.text    ro code  0x0092c6    0x46  RTC.o [1]
  .near_func.text    ro code  0x00930c    0x46  stm8s_i2c.o [1]
  .near_func.text    ro code  0x009352    0x45  stm8s_i2c.o [1]
  .near_func.text    ro code  0x009397    0x40  uart.o [1]
  .near_func.text    ro code  0x0093d7    0x37  NTC.o [1]
  .near_func.text    ro code  0x00940e    0x36  stm8s_uart1.o [1]
  .near_func.text    ro code  0x009444    0x34  i2c.o [1]
  .near_func.text    ro code  0x009478    0x34  slaved_port.o [1]
  .near_func.text    ro code  0x0094ac    0x33  RTC.o [1]
  .near_func.text    ro code  0x0094df    0x32  NTC.o [1]
  .near_func.text    ro code  0x009511    0x31  uart.o [1]
  .near_func.text    ro code  0x009542    0x30  NTC.o [1]
  .near_func.text    ro code  0x009572    0x2f  stm8s_i2c.o [1]
  .near_func.text    ro code  0x0095a1    0x2f  stm8s_i2c.o [1]
  .near_func.text    ro code  0x0095d0    0x2a  NTC.o [1]
  .near_func.text    ro code  0x0095fa    0x2a  RTC.o [1]
  .near_func.text    ro code  0x009624    0x28  init_small.o [4]
  .near_func.text    ro code  0x00964c    0x24  uart.o [1]
  .near_func.text    ro code  0x009670    0x23  main.o [1]
  .near_func.text    ro code  0x009693    0x22  slaved_port.o [1]
  .iar.init_table    const    0x0096b5    0x12  - Linker created -
  .near_func.text    ro code  0x0096c7    0x1f  memcpy.o [4]
  .near_func.text    ro code  0x0096e6    0x1e  float.o [4]
  .near_func.text    ro code  0x009704    0x1e  init_small.o [4]
  .near_func.text    ro code  0x009722    0x1d  RTC.o [1]
  .near_func.text    ro code  0x00973f    0x1d  slaved_port.o [1]
  .near_func.text    ro code  0x00975c    0x1a  NTC.o [1]
  .near_func.text    ro code  0x009776    0x1a  uart.o [1]
  .near_func.text    ro code  0x009790    0x15  FSM.o [1]
  .near_func.text    ro code  0x0097a5    0x15  RTC.o [1]
  .near_func.text    ro code  0x0097ba    0x14  init.o [4]
  .near_func.text    ro code  0x0097ce    0x14  __dbg_xxexit.o [3]
  .near_func.text    ro code  0x0097e2    0x13  cstartup.o [4]
  .near_func.text    ro code  0x0097f5    0x13  short.o [4]
  .near_func.text    ro code  0x009808    0x12  slaved_port.o [1]
  .near_func.text    ro code  0x00981a    0x12  slaved_port.o [1]
  .near_func.text    ro code  0x00982c    0x12  system.o [1]
  .near_func.text    ro code  0x00983e    0x12  move.o [4]
  .near_func.text    ro code  0x009850    0x10  uart.o [1]
  .near_func.text    ro code  0x009860     0xe  tim.o [1]
  .near_func.text    ro code  0x00986e     0xe  long_util.o [4]
  .near_func.text    ro code  0x00987c     0xe  dc_util.o [4]
  .near_func.text    ro code  0x00988a     0xc  Convert.o [1]
  .near_func.text    ro code  0x009896     0xa  Convert.o [1]
  .near_func.text    ro code  0x0098a0     0x7  stm8s_gpio.o [1]
  .near_func.text    ro code  0x0098a7     0x7  stm8s_gpio.o [1]
  .near_func.text    ro code  0x0098ae     0x5  cexit.o [4]
  .near_func.text    ro code  0x0098b3     0x4  FSM.o [1]
  .near_func.text    ro code  0x0098b7     0x4  stm8s_gpio.o [1]
  .near_func.text    ro code  0x0098bb     0x4  stm8s_i2c.o [1]
  .near_func.text    ro code  0x0098bf     0x4  stm8s_i2c.o [1]
  .near_func.text    ro code  0x0098c3     0x4  stm8s_uart1.o [1]
  .near_func.text    ro code  0x0098c7     0x3  GetData.o [1]
  .near_func.text    ro code  0x0098ca     0x3  GetData.o [1]
  .near_func.text    ro code  0x0098cd     0x3  interrupt.o [4]
  .near_func.text    ro code  0x0098d0     0x3  low_level_init.o [4]
  .near_func.text    ro code  0x0098d3     0x3  exit.o [4]
  .near_func.text    ro code  0x0098d6     0x3  unhandled_exception.o [4]
  Initializer bytes  const    0x0098d9     0x2  <for P2-1>
  .near_func.text    ro code  0x0098db     0x1  main.o [1]
  .near_func.text    ro code  0x0098dc     0x1  __dbg_break.o [3]
                            - 0x0098dd  0x185d


*******************************************************************************
*** INIT TABLE
***

          Address   Size
          -------   ----
Zero (__iar_zero_init2)
    1 destination range, total size 0x82:
          0x000012  0x82

Copy (__iar_copy_init2)
    1 source range, total size 0x2:
          0x0098d9   0x2
    1 destination range, total size 0x2:
          0x000010   0x2



*******************************************************************************
*** MODULE SUMMARY
***

    Module                 ro code  ro data  rw data
    ------                 -------  -------  -------
D:\1.Project_LAB_PTIT\1.STM8s\1.DocCamBien\2.SLAVE\2.SLAVE_2\project\Debug\Obj: [1]
    Convert.o                   22                 6
    CreateFrame.o              573
    Detect.o                   242
    FSM.o                      609                 5
    GetData.o                    6
    NTC.o                      440
    RTC.o                      659
    i2c.o                       52
    main.o                     488        2       28
    slaved_port.o              319                48
    stm8s_clk.o                222       85
    stm8s_gpio.o               290       86
    stm8s_i2c.o                450       85
    stm8s_uart1.o              635       87
    system.o                    18
    tim.o                       14
    uart.o                     397                45
    ------------------------------------------------
    Total:                   5 436      345      132

command line: [2]
    ------------------------------------------------
    Total:

dbgstm8smd.a: [3]
    __dbg_break.o                1
    __dbg_xxexit.o              20
    ------------------------------------------------
    Total:                      21

dlstm8smn.a: [4]
    cexit.o                      5
    cstartup.o                  19
    dc_util.o                   14
    exit.o                       3
    float.o                     30
    init.o                      20
    init_small.o                70
    interrupt.o                  3      128
    long_util.o                 14
    low_level_init.o             3
    memcpy.o                    31
    move.o                      18
    short.o                     19
    unhandled_exception.o        3
    vreg_util.o                165
    vregs.o                                       16
    ------------------------------------------------
    Total:                     417      128       16

    Linker created                       18      256
----------------------------------------------------
    Grand Total:             5 874      491      404


*******************************************************************************
*** ENTRY LIST
***

Entry                    Address   Size  Type      Object
-----                    -------   ----  ----      ------
.iar.init_table$$Base   0x0096b5          --   Gb  - Linker created -
.iar.init_table$$Limit  0x0096c7          --   Gb  - Linker created -
?b0                     0x000000         Data  Gb  vregs.o [4]
?b1                     0x000001         Data  Gb  vregs.o [4]
?b10                    0x00000a         Data  Gb  vregs.o [4]
?b11                    0x00000b         Data  Gb  vregs.o [4]
?b12                    0x00000c         Data  Gb  vregs.o [4]
?b13                    0x00000d         Data  Gb  vregs.o [4]
?b14                    0x00000e         Data  Gb  vregs.o [4]
?b15                    0x00000f         Data  Gb  vregs.o [4]
?b2                     0x000002         Data  Gb  vregs.o [4]
?b3                     0x000003         Data  Gb  vregs.o [4]
?b4                     0x000004         Data  Gb  vregs.o [4]
?b5                     0x000005         Data  Gb  vregs.o [4]
?b6                     0x000006         Data  Gb  vregs.o [4]
?b7                     0x000007         Data  Gb  vregs.o [4]
?b8                     0x000008         Data  Gb  vregs.o [4]
?b9                     0x000009         Data  Gb  vregs.o [4]
?dc16_w0                0x00987c         Code  Gb  dc_util.o [4]
?e0                     0x000001         Data  Gb  vregs.o [4]
?e1                     0x000005         Data  Gb  vregs.o [4]
?e2                     0x000009         Data  Gb  vregs.o [4]
?e3                     0x00000d         Data  Gb  vregs.o [4]
?epilogue_l2            0x008bc0         Code  Gb  vreg_util.o [4]
?epilogue_w4            0x008bc4         Code  Gb  vreg_util.o [4]
?fcastf32u16_l0_x       0x0096e6         Code  Gb  float.o [4]
?l0                     0x000000         Data  Gb  vregs.o [4]
?l1                     0x000004         Data  Gb  vregs.o [4]
?l2                     0x000008         Data  Gb  vregs.o [4]
?l3                     0x00000c         Data  Gb  vregs.o [4]
?load32_0x_l0           0x00986e         Code  Gb  long_util.o [4]
?longfarg16_v_w0_a      0x00983e         Code  Gb  move.o [4]
?longfarg16_v_w0_x      0x009840         Code  Gb  move.o [4]
?mov_e0_e1              0x008bd2         Code  Gb  vreg_util.o [4]
?mov_e1_e0              0x008bdf         Code  Gb  vreg_util.o [4]
?mov_l0_l1              0x008bcf         Code  Gb  vreg_util.o [4]
?mov_l1_l0              0x008bdc         Code  Gb  vreg_util.o [4]
?mov_w1_w3              0x008bd5         Code  Gb  vreg_util.o [4]
?mov_w2_w1              0x008bc8         Code  Gb  vreg_util.o [4]
?mov_w3_w1              0x008be2         Code  Gb  vreg_util.o [4]
?pop_l0                 0x008b97         Code  Gb  vreg_util.o [4]
?pop_l1                 0x008ba2         Code  Gb  vreg_util.o [4]
?pop_l2                 0x008bad         Code  Gb  vreg_util.o [4]
?pop_w4                 0x008b5c         Code  Gb  vreg_util.o [4]
?push_l0                0x008b6b         Code  Gb  vreg_util.o [4]
?push_l1                0x008b70         Code  Gb  vreg_util.o [4]
?push_l2                0x008b75         Code  Gb  vreg_util.o [4]
?push_w4                0x008b44         Code  Gb  vreg_util.o [4]
?sll16_x_x_a            0x009800         Code  Gb  short.o [4]
?w0                     0x000000         Data  Gb  vregs.o [4]
?w1                     0x000002         Data  Gb  vregs.o [4]
?w2                     0x000004         Data  Gb  vregs.o [4]
?w3                     0x000006         Data  Gb  vregs.o [4]
?w4                     0x000008         Data  Gb  vregs.o [4]
?w5                     0x00000a         Data  Gb  vregs.o [4]
?w6                     0x00000c         Data  Gb  vregs.o [4]
?w7                     0x00000e         Data  Gb  vregs.o [4]
?xor16_x_x_dw           0x0097f5         Code  Gb  short.o [4]
?xor16_x_x_w0           0x0097f8         Code  Gb  short.o [4]
Binary_To_Bcd           0x0095fa   0x2a  Code  Lc  RTC.o [1]
CLK_HSI_16Mhz_config    0x00982c   0x12  Code  Gb  system.o [1]
CLK_PeripheralClockConfig
                        0x00868e   0xde  Code  Gb  stm8s_clk.o [1]
CSTACK$$Base            0x000300          --   Gb  - Linker created -
CSTACK$$Limit           0x000400          --   Gb  - Linker created -
Check_Fsm_Flag_New_Message
                        0x0098b3    0x4  Code  Gb  FSM.o [1]
Check_Sum               0x008f15   0x62  Code  Gb  CreateFrame.o [1]
Clear_All_State_Fsm     0x009790   0x15  Code  Gb  FSM.o [1]
Convert_bytes_into_uint16_t
                        0x00988a    0xc  Code  Gb  Convert.o [1]
Convert_bytes_into_uint16_t::tmp
                        0x000088    0x2  Data  Lc  Convert.o [1]
Convert_float_to_bytes  0x009896    0xa  Code  Gb  Convert.o [1]
Convert_float_to_bytes::tmp
                        0x00007c    0x4  Data  Lc  Convert.o [1]
DHT11_CheckResponse     0x00922c   0x53  Code  Gb  NTC.o [1]
DHT11_Init              0x0095e8   0x12  Code  Gb  NTC.o [1]
DHT11_ReadByte          0x008d11   0x88  Code  Gb  NTC.o [1]
DHT11_ReadTemperature   0x009542   0x30  Code  Gb  NTC.o [1]
DHT11_Start             0x0094df   0x32  Code  Gb  NTC.o [1]
DS1307_Init             0x009027    0x6  Code  Gb  RTC.o [1]
DS1307_read             0x008e20   0x7e  Code  Gb  RTC.o [1]
DS1307_write            0x008fd4   0x53  Code  Gb  RTC.o [1]
DateToArray             0x009722   0x1d  Code  Gb  RTC.o [1]
FSM_Get_Message         0x008080  0x248  Code  Gb  FSM.o [1]
GPIO_Init               0x00848c  0x110  Code  Gb  stm8s_gpio.o [1]
GPIO_ReadInputPin       0x0098a7    0x7  Code  Gb  stm8s_gpio.o [1]
GPIO_WriteHigh          0x0098a0    0x7  Code  Gb  stm8s_gpio.o [1]
GPIO_WriteLow           0x0098b7    0x4  Code  Gb  stm8s_gpio.o [1]
Get_Current_Date        0x0094ac   0x33  Code  Gb  RTC.o [1]
Get_Current_Time        0x008f77   0x5d  Code  Gb  RTC.o [1]
Get_Sensor              0x0098ca    0x3  Code  Gb  GetData.o [1]
Get_Slave               0x0098c7    0x3  Code  Gb  GetData.o [1]
I2C_AcknowledgeConfig   0x009352   0x45  Code  Gb  stm8s_i2c.o [1]
I2C_CheckEvent          0x00883f   0xd1  Code  Gb  stm8s_i2c.o [1]
I2C_GenerateSTART       0x009572   0x2f  Code  Gb  stm8s_i2c.o [1]
I2C_GenerateSTOP        0x0095a1   0x2f  Code  Gb  stm8s_i2c.o [1]
I2C_ReceiveData         0x0098bb    0x4  Code  Gb  stm8s_i2c.o [1]
I2C_Send7bitAddress     0x00930c   0x46  Code  Gb  stm8s_i2c.o [1]
I2C_SendData            0x0098bf    0x4  Code  Gb  stm8s_i2c.o [1]
I2c_Init                0x009444   0x34  Code  Gb  i2c.o [1]
INTVEC$$Base            0x008000          --   Gb  - Linker created -
INTVEC$$Limit           0x008080          --   Gb  - Linker created -
Message_Detect_TypeMessage
                        0x00859c   0xf2  Code  Gb  Detect.o [1]
Message_Frame_Create_Confirm_Slave
                        0x008e9e   0x77  Code  Gb  CreateFrame.o [1]
Message_Frame_Response_NTC
                        0x0089e0   0xb8  Code  Gb  CreateFrame.o [1]
Message_Frame_Response_RTC
                        0x008a98   0xac  Code  Gb  CreateFrame.o [1]
RTC_buffer              0x000075    0x7  Data  Gb  slaved_port.o [1]
Region$$Table$$Base     0x0096b5          --   Gb  - Linker created -
Region$$Table$$Limit    0x0096c7          --   Gb  - Linker created -
Send_Ack_Slave2_Sensor_NTC
                        0x00981a   0x12  Code  Gb  slaved_port.o [1]
Send_Ack_Slave2_Sensor_RTC
                        0x009808   0x12  Code  Gb  slaved_port.o [1]
Send_Sensor_Data_NTC_Slave2
                        0x00973f   0x1d  Code  Gb  slaved_port.o [1]
Send_Sensor_Data_RTC_Slave2
                        0x009693   0x22  Code  Gb  slaved_port.o [1]
Set_Current_Date        0x0092c6   0x46  Code  Gb  RTC.o [1]
Set_Current_Time        0x008c87   0x8a  Code  Gb  RTC.o [1]
TIM1_CLEAR_IT_PENDING   0x009860    0xe  Code  Gb  tim.o [1]
TIM1_UPD_OVF_IRQHandler
                        0x009670   0x23  Code  Gb  main.o [1]
TIM2_Init               0x00975c   0x1a  Code  Gb  NTC.o [1]
TimeToArray             0x0097a5   0x15  Code  Gb  RTC.o [1]
UART1_ClearITPendingBit
                        0x00940e   0x36  Code  Gb  stm8s_uart1.o [1]
UART1_GetFlagStatus     0x008be9   0x9e  Code  Gb  stm8s_uart1.o [1]
UART1_GetITStatus       0x00876c   0xd3  Code  Gb  stm8s_uart1.o [1]
UART1_ITConfig          0x008910   0xd0  Code  Gb  stm8s_uart1.o [1]
UART1_RX_IRQHandler     0x008d99   0x87  Code  Gb  uart.o [1]
UART1_SendData8         0x0098c3    0x4  Code  Gb  stm8s_uart1.o [1]
UART1_TX_IRQHandler     0x00927f   0x47  Code  Gb  uart.o [1]
UART_Check_New_Message  0x009776   0x1a  Code  Gb  uart.o [1]
UART_Clear_All_Flag     0x009850   0x10  Code  Gb  uart.o [1]
UART_Configuration      0x009397   0x40  Code  Gb  uart.o [1]
UART_Send_Array_IT      0x009511   0x31  Code  Gb  uart.o [1]
Wait_For_Ask_Data_Slave2_SensorNTC
                        0x0091d8   0x54  Code  Gb  slaved_port.o [1]
Wait_For_Ask_Data_Slave2_SensorRTC
                        0x009184   0x54  Code  Gb  slaved_port.o [1]
Wait_For_Set_Slave_Slave_2
                        0x009478   0x34  Code  Gb  slaved_port.o [1]
Wait_For_UART_Frame_1s  0x00964c   0x24  Code  Gb  uart.o [1]
__DebugBreak            0x0098dc    0x1  Code  Gb  __dbg_break.o [3]
__exit                  0x0097ce   0x14  Code  Gb  __dbg_xxexit.o [3]
__iar_copy_init2        0x009624         Code  Gb  init_small.o [4]
__iar_data_init2        0x0097ba   0x14  Code  Gb  init.o [4]
__iar_program_start     0x0097e2         Code  Gb  cstartup.o [4]
__iar_unhandled_exception
                        0x0098d6         Code  Gb  unhandled_exception.o [4]
__iar_zero_init2        0x009704         Code  Gb  init_small.o [4]
__intvec                0x008000         Data  Gb  interrupt.o [4]
__low_level_init        0x0098d0    0x3  Code  Gb  low_level_init.o [4]
_exit                   0x0098ae         Code  Gb  cexit.o [4]
_interrupt_13           0x009670         Code  Gb  main.o [1]
_interrupt_19           0x00927f         Code  Gb  uart.o [1]
_interrupt_20           0x008d99         Code  Gb  uart.o [1]
array_confirm_port      0x00006b    0xa  Data  Gb  slaved_port.o [1]
array_receive           0x000012   0x14  Data  Gb  uart.o [1]
assert_failed           0x0098db    0x1  Code  Gb  main.o [1]
count_array_receive     0x00008f    0x1  Data  Gb  uart.o [1]
count_element_arr       0x00008b    0x1  Data  Gb  FSM.o [1]
count_timeout_uart      0x000090    0x1  Data  Gb  uart.o [1]
current_date            0x000084    0x4  Data  Gb  main.o [1]
current_time            0x000080    0x4  Data  Gb  main.o [1]
delay_ms                0x0095d0   0x18  Code  Gb  NTC.o [1]
delay_us                0x0093d7   0x37  Code  Gb  NTC.o [1]
detected_frame          0x00003a   0x12  Data  Gb  main.o [1]
exit                    0x0098d3    0x3  Code  Gb  exit.o [4]
flag_array_receive      0x000091    0x1  Data  Gb  uart.o [1]
flag_fsm_new_message    0x00008e    0x1  Data  Gb  FSM.o [1]
fsm_state               0x00008a    0x1  Data  Gb  FSM.o [1]
length_fsm              0x00008d    0x1  Data  Gb  FSM.o [1]
main                    0x0082c8  0x1c4  Code  Gb  main.o [1]
memcpy                  0x0096c7   0x1f  Code  Gb  memcpy.o [4]
receive_flag            0x000011    0x1  Data  Gb  main.o [1]
requestData_NTC         0x00005d    0xe  Data  Gb  slaved_port.o [1]
requestData_RTC         0x00004c   0x11  Data  Gb  slaved_port.o [1]
slaveX_sensorX          0x000010    0x1  Data  Gb  main.o [1]
txBuffer                0x000026   0x14  Data  Gb  uart.o [1]
txIndex                 0x000092    0x1  Data  Gb  uart.o [1]
txLength                0x000093    0x1  Data  Gb  uart.o [1]
type_mess_fsm           0x00008c    0x1  Data  Gb  FSM.o [1]


[1] = D:\1.Project_LAB_PTIT\1.STM8s\1.DocCamBien\2.SLAVE\2.SLAVE_2\project\Debug\Obj
[2] = command line
[3] = dbgstm8smd.a
[4] = dlstm8smn.a

  5 874 bytes of readonly  code memory
    491 bytes of readonly  data memory
    404 bytes of readwrite data memory

Errors: none
Warnings: none
