###############################################################################
#
# IAR ELF Linker V3.11.1.207 for STM8                     05/Nov/2024  17:37:37
# Copyright 2010-2019 IAR Systems AB.
#
#    Output file  =  
#        C:\Users\ThanhPham25\OneDrive\Documents\STM8\project\project\Debug\Exe\test.out
#    Map file     =  
#        C:\Users\ThanhPham25\OneDrive\Documents\STM8\project\project\Debug\List\test.map
#    Command line =  
#        -f C:\Users\THANHP~1\AppData\Local\Temp\EW48A1.tmp
#        (C:\Users\ThanhPham25\OneDrive\Documents\STM8\project\project\Debug\Obj\main.o
#        --redirect _Printf=_PrintfFullNoMb --redirect _Scanf=_ScanfFullNoMb
#        --no_out_extension -o
#        C:\Users\ThanhPham25\OneDrive\Documents\STM8\project\project\Debug\Exe\test.out
#        --map
#        C:\Users\ThanhPham25\OneDrive\Documents\STM8\project\project\Debug\List\test.map
#        --config "C:\Program Files (x86)\IAR Systems\Embedded Workbench
#        8.3\stm8\config\lnkstm8s103f3.icf" --config_def _CSTACK_SIZE=0x100
#        --config_def _HEAP_SIZE=0x100 --entry __iar_program_start --debug_lib)
#
###############################################################################

*******************************************************************************
*** RUNTIME MODEL ATTRIBUTES
***

__SystemLibrary            = DLib
__code_model               = small
__core                     = stm8
__data_model               = medium
__dlib_file_descriptor     = 0
__dlib_full_locale_support = 0
__rt_version               = 4


*******************************************************************************
*** PLACEMENT SUMMARY
***

"A0":  place at start of [0x000000-0x0000ff] { rw section .vregs };
"A1":  place at end of [0x000000-0x0003ff] { block CSTACK };
"P2":  place in [from 0x000000 to 0x0003ff] {
          block HEAP, rw section __DLIB_PERTHREAD, rw section .far.bss,
          rw section .far.data, rw section .far.noinit,
          rw section .far_func.textrw, rw section .huge.bss,
          rw section .huge.data, rw section .huge.noinit,
          rw section .huge_func.textrw, rw section .iar.dynexit,
          rw section .near.bss, rw section .near.data, rw section .near.noinit,
          rw section .near_func.textrw };
"A2":  place at start of [0x008000-0x009fff] { block INTVEC };
"P3":  place in [from 0x008000 to 0x009fff] {
          ro section __DLIB_PERTHREAD_init, ro section .far.data_init,
          ro section .far_func.textrw_init, ro section .huge.data_init,
          ro section .huge_func.textrw_init, ro section .iar.init_table,
          ro section .init_array, ro section .near.data_init,
          ro section .near.rodata, ro section .near_func.text,
          ro section .near_func.textrw_init, ro section .tiny.data_init,
          ro section .tiny.rodata_init };
"P4":  place in [from 0x008000 to 0x009fff] {
          ro section .far.rodata, ro section .far_func.text };
"P5":  place in [from 0x008000 to 0x009fff] {
          ro section .huge.rodata, ro section .huge_func.text };
do not initialize {
   rw section .eeprom.noinit, rw section .far.noinit, rw section .huge.noinit,
   rw section .near.noinit, rw section .tiny.noinit, rw section .vregs };
initialize by copy {
   rw section .far.bss, rw section .far.data, rw section .far_func.textrw,
   rw section .huge.bss, rw section .huge.data, rw section .huge_func.textrw,
   rw section .iar.dynexit, rw section .near.bss, rw section .near.data,
   rw section .near_func.textrw, rw section .tiny.bss, rw section .tiny.data,
   ro section .tiny.rodata };

No sections matched the following patterns:

  ro section .far.data_init          in "P3-P5"
  ro section .far.rodata             in "P3-P5"
  ro section .far_func.text          in "P3-P5"
  ro section .far_func.textrw_init   in "P3-P5"
  ro section .huge.data_init         in "P3-P5"
  ro section .huge.rodata            in "P3-P5"
  ro section .huge_func.text         in "P3-P5"
  ro section .huge_func.textrw_init  in "P3-P5"
  ro section .iar.init_table         in "P3-P5"
  ro section .init_array             in "P3-P5"
  ro section .near_func.textrw_init  in "P3-P5"
  ro section .tiny.data_init         in "P3-P5"
  ro section .tiny.rodata_init       in "P3-P5"
  ro section __DLIB_PERTHREAD_init   in "P3-P5"
  rw section .far.bss                in "P2"
  rw section .far.data               in "P2"
  rw section .far.noinit             in "P2"
  rw section .far_func.textrw        in "P2"
  rw section .huge.bss               in "P2"
  rw section .huge.data              in "P2"
  rw section .huge.noinit            in "P2"
  rw section .huge_func.textrw       in "P2"
  rw section .iar.dynexit            in "P2"
  rw section .near.noinit            in "P2"
  rw section .near_func.textrw       in "P2"
  rw section .tiny.bss               in "P1"
  rw section .tiny.data              in "P1"
  rw section .tiny.noinit            in "P1"
  rw section .tiny.rodata            in "P1"
  rw section __DLIB_PERTHREAD        in "P2"
  section .eeprom.data               in "P6-P8"
  section .eeprom.noinit             in "P6-P8"
  section .eeprom.rodata             in "P6-P8"


  Section            Kind      Address   Size  Object
  -------            ----      -------   ----  ------
"A0":                                    0x10
  .vregs             uninit   0x000000   0x10  vregs.o [4]
                            - 0x000010   0x10

"P2":                                    0xef
  P2-1                        0x000010   0xef  <Init block>
    .near.data       inited   0x000010    0x4  main.o [1]
    .near.data       inited   0x000014   0x26  main.o [1]
    .near.data       inited   0x00003a   0x26  main.o [1]
    .near.data       inited   0x000060   0x26  main.o [1]
    .near.data       inited   0x000086   0x26  main.o [1]
    .near.data       inited   0x0000ac   0x26  main.o [1]
    .near.data       inited   0x0000d2    0x2  main.o [1]
    .near.data       inited   0x0000d4    0xe  main.o [1]
    .near.data       inited   0x0000e2    0xe  main.o [1]
    .near.data       inited   0x0000f0    0xe  main.o [1]
    .near.bss        inited   0x0000fe    0x1  main.o [1]
                            - 0x0000ff   0xef

"A1":                                   0x100
  CSTACK                      0x000300  0x100  <Block>
    CSTACK           uninit   0x000300  0x100  <Block tail>
                            - 0x000400  0x100

"A2":                                    0x80
  INTVEC                      0x008000   0x80  <Block>
    .intvec          const    0x008000   0x80  interrupt.o [4]
                            - 0x008080   0x80

"P3-P5":                                0x94c
  .near_func.text    ro code  0x008080  0x26d  main.o [1]
  .near_func.text    ro code  0x0082ed  0x262  main.o [1]
  Initializer bytes  const    0x00854f   0xef  <for P2-1>
  .near_func.text    ro code  0x00863e   0xec  main.o [1]
  .near_func.text    ro code  0x00872a   0x9a  vreg_util.o [4]
  .near_func.text    ro code  0x0087c4   0x54  main.o [1]
  .near_func.text    ro code  0x008818   0x4c  long.o [4]
  .near_func.text    ro code  0x008864   0x48  main.o [1]
  .near_func.text    ro code  0x0088ac   0x31  main.o [1]
  .near_func.text    ro code  0x0088dd   0x2d  main.o [1]
  .near_func.text    ro code  0x00890a   0x28  init_small.o [4]
  .iar.init_table    const    0x008932    0xa  - Linker created -
  .near_func.text    ro code  0x00893c   0x1a  long_util.o [4]
  .near_func.text    ro code  0x008956   0x14  init.o [4]
  .near_func.text    ro code  0x00896a   0x14  __dbg_xxexit.o [3]
  .near_func.text    ro code  0x00897e   0x13  cstartup.o [4]
  .near_func.text    ro code  0x008991   0x12  main.o [1]
  .near_func.text    ro code  0x0089a3   0x10  short.o [4]
  .near_func.text    ro code  0x0089b3    0x5  main.o [1]
  .near_func.text    ro code  0x0089b8    0x5  cexit.o [4]
  .near_func.text    ro code  0x0089bd    0x3  interrupt.o [4]
  .near_func.text    ro code  0x0089c0    0x3  low_level_init.o [4]
  .near_func.text    ro code  0x0089c3    0x3  exit.o [4]
  .near_func.text    ro code  0x0089c6    0x3  unhandled_exception.o [4]
  .near.rodata       const    0x0089c9    0x2  main.o [1]
  .near_func.text    ro code  0x0089cb    0x1  __dbg_break.o [3]
                            - 0x0089cc  0x94c


*******************************************************************************
*** INIT TABLE
***

          Address   Size
          -------   ----
Copy (__iar_copy_init2)
    1 source range, total size 0xef:
          0x00854f  0xef
    1 destination range, total size 0xef:
          0x000010  0xef



*******************************************************************************
*** MODULE SUMMARY
***

    Module                 ro code  ro data  rw data
    ------                 -------  -------  -------
C:\Users\ThanhPham25\OneDrive\Documents\STM8\project\project\Debug\Obj: [1]
    main.o                   1 740      241      239
    ------------------------------------------------
    Total:                   1 740      241      239

command line: [2]
    ------------------------------------------------
    Total:

dbgstm8smd.a: [3]
    __dbg_break.o                1
    __dbg_xxexit.o              20
    ------------------------------------------------
    Total:                      21

dlstm8smn.a: [4]
    cexit.o                      5
    cstartup.o                  19
    exit.o                       3
    init.o                      20
    init_small.o                40
    interrupt.o                  3      128
    long.o                      76
    long_util.o                 26
    low_level_init.o             3
    short.o                     16
    unhandled_exception.o        3
    vreg_util.o                154
    vregs.o                                       16
    ------------------------------------------------
    Total:                     368      128       16

    Linker created                       10      256
----------------------------------------------------
    Grand Total:             2 129      379      511


*******************************************************************************
*** ENTRY LIST
***

Entry                    Address   Size  Type      Object
-----                    -------   ----  ----      ------
.iar.init_table$$Base   0x008932          --   Gb  - Linker created -
.iar.init_table$$Limit  0x00893c          --   Gb  - Linker created -
?b0                     0x000000         Data  Gb  vregs.o [4]
?b1                     0x000001         Data  Gb  vregs.o [4]
?b10                    0x00000a         Data  Gb  vregs.o [4]
?b11                    0x00000b         Data  Gb  vregs.o [4]
?b12                    0x00000c         Data  Gb  vregs.o [4]
?b13                    0x00000d         Data  Gb  vregs.o [4]
?b14                    0x00000e         Data  Gb  vregs.o [4]
?b15                    0x00000f         Data  Gb  vregs.o [4]
?b2                     0x000002         Data  Gb  vregs.o [4]
?b3                     0x000003         Data  Gb  vregs.o [4]
?b4                     0x000004         Data  Gb  vregs.o [4]
?b5                     0x000005         Data  Gb  vregs.o [4]
?b6                     0x000006         Data  Gb  vregs.o [4]
?b7                     0x000007         Data  Gb  vregs.o [4]
?b8                     0x000008         Data  Gb  vregs.o [4]
?b9                     0x000009         Data  Gb  vregs.o [4]
?dec32_0x_0x            0x008835         Code  Gb  long.o [4]
?dec32_l0_l0            0x00882b         Code  Gb  long.o [4]
?dec32_l1_l1            0x008830         Code  Gb  long.o [4]
?e0                     0x000001         Data  Gb  vregs.o [4]
?e1                     0x000005         Data  Gb  vregs.o [4]
?e2                     0x000009         Data  Gb  vregs.o [4]
?e3                     0x00000d         Data  Gb  vregs.o [4]
?epilogue_l2_w6         0x008792         Code  Gb  vreg_util.o [4]
?epilogue_w4            0x008799         Code  Gb  vreg_util.o [4]
?inc32_0x_0x            0x00881d         Code  Gb  long.o [4]
?inc32_l0_l0            0x008818         Code  Gb  long.o [4]
?l0                     0x000000         Data  Gb  vregs.o [4]
?l1                     0x000004         Data  Gb  vregs.o [4]
?l2                     0x000008         Data  Gb  vregs.o [4]
?l3                     0x00000c         Data  Gb  vregs.o [4]
?load32_0x_l0           0x008948         Code  Gb  long_util.o [4]
?load32_l0_0x           0x00893c         Code  Gb  long_util.o [4]
?mov_e0_e2              0x0087a0         Code  Gb  vreg_util.o [4]
?mov_e1_e0              0x0087ad         Code  Gb  vreg_util.o [4]
?mov_e2_e0              0x0087ba         Code  Gb  vreg_util.o [4]
?mov_l0_l2              0x00879d         Code  Gb  vreg_util.o [4]
?mov_l1_l0              0x0087aa         Code  Gb  vreg_util.o [4]
?mov_l2_l0              0x0087b7         Code  Gb  vreg_util.o [4]
?mov_w1_w5              0x0087a3         Code  Gb  vreg_util.o [4]
?mov_w3_w1              0x0087b0         Code  Gb  vreg_util.o [4]
?mov_w5_w1              0x0087bd         Code  Gb  vreg_util.o [4]
?or32_l0_l0_0x          0x00884c         Code  Gb  long.o [4]
?or32_l0_l0_l1          0x008849         Code  Gb  long.o [4]
?pop_l2                 0x00877f         Code  Gb  vreg_util.o [4]
?pop_w4                 0x008747         Code  Gb  vreg_util.o [4]
?pop_w6                 0x00874e         Code  Gb  vreg_util.o [4]
?push_l2                0x00875d         Code  Gb  vreg_util.o [4]
?push_w4                0x00872a         Code  Gb  vreg_util.o [4]
?push_w6                0x00872f         Code  Gb  vreg_util.o [4]
?sll16_x_x_a            0x0089a3         Code  Gb  short.o [4]
?sra16_x_x_a            0x0089ab         Code  Gb  short.o [4]
?w0                     0x000000         Data  Gb  vregs.o [4]
?w1                     0x000002         Data  Gb  vregs.o [4]
?w2                     0x000004         Data  Gb  vregs.o [4]
?w3                     0x000006         Data  Gb  vregs.o [4]
?w4                     0x000008         Data  Gb  vregs.o [4]
?w5                     0x00000a         Data  Gb  vregs.o [4]
?w6                     0x00000c         Data  Gb  vregs.o [4]
?w7                     0x00000e         Data  Gb  vregs.o [4]
ButtonA1                0x0000d4    0xe  Data  Gb  main.o [1]
ButtonA2                0x0000e2    0xe  Data  Gb  main.o [1]
ButtonA3                0x0000f0    0xe  Data  Gb  main.o [1]
Button_ReadInput        0x00863e   0xec  Code  Gb  main.o [1]
Button_Run              0x0082ed  0x262  Code  Gb  main.o [1]
CLK_HSI_16Mhz_Config    0x008991   0x12  Code  Gb  main.o [1]
CSTACK$$Base            0x000300          --   Gb  - Linker created -
CSTACK$$Limit           0x000400          --   Gb  - Linker created -
Check_Event_Send_7bits_Address
                        0x0080c5   0x36  Code  Gb  main.o [1]
Check_Event_Send_Data   0x0080fb   0x41  Code  Gb  main.o [1]
Check_Event_Start       0x00809a   0x2b  Code  Gb  main.o [1]
Delay_Ms                0x0088ac   0x31  Code  Gb  main.o [1]
Get_Flag_Status_Of_Bus  0x00808d    0xd  Code  Gb  main.o [1]
Gpio_Input_Mode_Port_A  0x008195    0xe  Code  Gb  main.o [1]
Gpio_Read_Input_Port_A  0x0081a3   0x18  Code  Gb  main.o [1]
I2c_Generate_Start      0x0089b3    0x5  Code  Gb  main.o [1]
I2c_Generate_Stop       0x008080    0x5  Code  Gb  main.o [1]
I2c_Init                0x0088dd   0x2d  Code  Gb  main.o [1]
I2c_Send_7bits_Address  0x008085    0x4  Code  Gb  main.o [1]
I2c_Send_Data           0x008089    0x4  Code  Gb  main.o [1]
I2c_Write               0x00813c   0x59  Code  Gb  main.o [1]
INTVEC$$Base            0x008000          --   Gb  - Linker created -
INTVEC$$Limit           0x008080          --   Gb  - Linker created -
LCD_Init                0x008241   0x65  Code  Gb  main.o [1]
LCD_SendCommand         0x0081bb   0x3b  Code  Gb  main.o [1]
LCD_SendData            0x0081f6   0x3b  Code  Gb  main.o [1]
LCD_SendString          0x008231   0x10  Code  Gb  main.o [1]
LCD_Set_Cursor          0x0082a6   0x47  Code  Gb  main.o [1]
MainMenu                0x0000ac   0x26  Data  Gb  main.o [1]
Menu_Display            0x0087c4   0x54  Code  Gb  main.o [1]
Region$$Table$$Base     0x008932          --   Gb  - Linker created -
Region$$Table$$Limit    0x00893c          --   Gb  - Linker created -
SubMenu1                0x000060   0x26  Data  Gb  main.o [1]
SubMenu2                0x000086   0x26  Data  Gb  main.o [1]
SubMenu3                0x00003a   0x26  Data  Gb  main.o [1]
SubMenu4                0x000014   0x26  Data  Gb  main.o [1]
__DebugBreak            0x0089cb    0x1  Code  Gb  __dbg_break.o [3]
__exit                  0x00896a   0x14  Code  Gb  __dbg_xxexit.o [3]
__iar_copy_init2        0x00890a         Code  Gb  init_small.o [4]
__iar_data_init2        0x008956   0x14  Code  Gb  init.o [4]
__iar_program_start     0x00897e         Code  Gb  cstartup.o [4]
__iar_unhandled_exception
                        0x0089c6         Code  Gb  unhandled_exception.o [4]
__intvec                0x008000         Data  Gb  interrupt.o [4]
__low_level_init        0x0089c0    0x3  Code  Gb  low_level_init.o [4]
_exit                   0x0089b8         Code  Gb  cexit.o [4]
exit                    0x0089c3    0x3  Code  Gb  exit.o [4]
main                    0x008864   0x48  Code  Gb  main.o [1]
menu                    0x0000d2    0x2  Data  Gb  main.o [1]
select                  0x000010    0x4  Data  Gb  main.o [1]
value                   0x0000fe    0x1  Data  Gb  main.o [1]


[1] = C:\Users\ThanhPham25\OneDrive\Documents\STM8\project\project\Debug\Obj
[2] = command line
[3] = dbgstm8smd.a
[4] = dlstm8smn.a

  2 129 bytes of readonly  code memory
    379 bytes of readonly  data memory
    511 bytes of readwrite data memory

Errors: none
Warnings: none
