###############################################################################
#
# IAR ELF Linker V3.11.1.207 for STM8                     18/Nov/2024  16:47:01
# Copyright 2010-2019 IAR Systems AB.
#
#    Output file  =  
#        C:\Users\ThanhPham25\OneDrive\Documents\STM8\project\CambienSTM8s\Debug\Exe\CambienSTM8s.out
#    Map file     =  
#        C:\Users\ThanhPham25\OneDrive\Documents\STM8\project\CambienSTM8s\Debug\List\CambienSTM8s.map
#    Command line =  
#        -f C:\Users\THANHP~1\AppData\Local\Temp\EWE088.tmp
#        (C:\Users\ThanhPham25\OneDrive\Documents\STM8\project\CambienSTM8s\Debug\Obj\main.o
#        --redirect _Printf=_PrintfFullNoMb --redirect _Scanf=_ScanfFullNoMb
#        --no_out_extension -o
#        C:\Users\ThanhPham25\OneDrive\Documents\STM8\project\CambienSTM8s\Debug\Exe\CambienSTM8s.out
#        --map
#        C:\Users\ThanhPham25\OneDrive\Documents\STM8\project\CambienSTM8s\Debug\List\CambienSTM8s.map
#        --config "C:\Program Files (x86)\IAR Systems\Embedded Workbench
#        8.3\stm8\config\lnkstm8s103f3.icf" --config_def _CSTACK_SIZE=0x100
#        --config_def _HEAP_SIZE=0x100 --entry __iar_program_start --debug_lib)
#
###############################################################################

*******************************************************************************
*** RUNTIME MODEL ATTRIBUTES
***

__SystemLibrary            = DLib
__code_model               = small
__core                     = stm8
__data_model               = medium
__dlib_file_descriptor     = 0
__dlib_full_locale_support = 0
__rt_version               = 4


*******************************************************************************
*** PLACEMENT SUMMARY
***

"A0":  place at start of [0x000000-0x0000ff] { rw section .vregs };
"A1":  place at end of [0x000000-0x0003ff] { block CSTACK };
"P2":  place in [from 0x000000 to 0x0003ff] {
          block HEAP, rw section __DLIB_PERTHREAD, rw section .far.bss,
          rw section .far.data, rw section .far.noinit,
          rw section .far_func.textrw, rw section .huge.bss,
          rw section .huge.data, rw section .huge.noinit,
          rw section .huge_func.textrw, rw section .iar.dynexit,
          rw section .near.bss, rw section .near.data, rw section .near.noinit,
          rw section .near_func.textrw };
"A2":  place at start of [0x008000-0x009fff] { block INTVEC };
"P3":  place in [from 0x008000 to 0x009fff] {
          ro section __DLIB_PERTHREAD_init, ro section .far.data_init,
          ro section .far_func.textrw_init, ro section .huge.data_init,
          ro section .huge_func.textrw_init, ro section .iar.init_table,
          ro section .init_array, ro section .near.data_init,
          ro section .near.rodata, ro section .near_func.text,
          ro section .near_func.textrw_init, ro section .tiny.data_init,
          ro section .tiny.rodata_init };
"P4":  place in [from 0x008000 to 0x009fff] {
          ro section .far.rodata, ro section .far_func.text };
"P5":  place in [from 0x008000 to 0x009fff] {
          ro section .huge.rodata, ro section .huge_func.text };
do not initialize {
   rw section .eeprom.noinit, rw section .far.noinit, rw section .huge.noinit,
   rw section .near.noinit, rw section .tiny.noinit, rw section .vregs };

No sections matched the following patterns:

  ro section .far.data_init          in "P3-P5"
  ro section .far.rodata             in "P3-P5"
  ro section .far_func.text          in "P3-P5"
  ro section .far_func.textrw_init   in "P3-P5"
  ro section .huge.data_init         in "P3-P5"
  ro section .huge.rodata            in "P3-P5"
  ro section .huge_func.text         in "P3-P5"
  ro section .huge_func.textrw_init  in "P3-P5"
  ro section .iar.init_table         in "P3-P5"
  ro section .init_array             in "P3-P5"
  ro section .near.data_init         in "P3-P5"
  ro section .near_func.textrw_init  in "P3-P5"
  ro section .tiny.data_init         in "P3-P5"
  ro section .tiny.rodata_init       in "P3-P5"
  ro section __DLIB_PERTHREAD_init   in "P3-P5"
  rw section .far.bss                in "P2"
  rw section .far.data               in "P2"
  rw section .far.noinit             in "P2"
  rw section .far_func.textrw        in "P2"
  rw section .huge.bss               in "P2"
  rw section .huge.data              in "P2"
  rw section .huge.noinit            in "P2"
  rw section .huge_func.textrw       in "P2"
  rw section .iar.dynexit            in "P2"
  rw section .near.data              in "P2"
  rw section .near.noinit            in "P2"
  rw section .near_func.textrw       in "P2"
  rw section .tiny.bss               in "P1"
  rw section .tiny.data              in "P1"
  rw section .tiny.noinit            in "P1"
  rw section .tiny.rodata            in "P1"
  rw section __DLIB_PERTHREAD        in "P2"
  section .eeprom.data               in "P6-P8"
  section .eeprom.noinit             in "P6-P8"
  section .eeprom.rodata             in "P6-P8"


  Section          Kind      Address   Size  Object
  -------          ----      -------   ----  ------
"A0":                                   0xc
  .vregs           uninit   0x000000    0xc  vregs.o [4]
                          - 0x00000c    0xc

"P2":                                  0x69
  .near.bss        zero     0x00000c   0x64  main.o [1]
  .near.bss        zero     0x000070    0x2  main.o [1]
  .near.bss        zero     0x000072    0x2  main.o [1]
  .near.bss        zero     0x000074    0x1  main.o [1]
                          - 0x000075   0x69

"A1":                                 0x100
  CSTACK                    0x000300  0x100  <Block>
    CSTACK         uninit   0x000300  0x100  <Block tail>
                          - 0x000400  0x100

"A2":                                  0x80
  INTVEC                    0x008000   0x80  <Block>
    .intvec        const    0x008000   0x80  interrupt.o [4]
                          - 0x008080   0x80

"P3-P5":                              0x199
  .near_func.text  ro code  0x008080   0x62  main.o [1]
  .near_func.text  ro code  0x0080e2   0x43  main.o [1]
  .near_func.text  ro code  0x008125   0x24  main.o [1]
  .iar.init_table  const    0x008149    0x8  - Linker created -
  .near_func.text  ro code  0x008151   0x1e  short.o [4]
  .near_func.text  ro code  0x00816f   0x1e  init_small.o [4]
  .near_func.text  ro code  0x00818d   0x18  vreg_util.o [4]
  .near_func.text  ro code  0x0081a5   0x14  init.o [4]
  .near_func.text  ro code  0x0081b9   0x14  __dbg_xxexit.o [3]
  .near_func.text  ro code  0x0081cd   0x13  cstartup.o [4]
  .near_func.text  ro code  0x0081e0   0x12  main.o [1]
  .near_func.text  ro code  0x0081f2    0xd  move.o [4]
  .near.rodata     const    0x0081ff    0x8  main.o [1]
  .near_func.text  ro code  0x008207    0x5  cexit.o [4]
  .near_func.text  ro code  0x00820c    0x3  interrupt.o [4]
  .near_func.text  ro code  0x00820f    0x3  low_level_init.o [4]
  .near_func.text  ro code  0x008212    0x3  exit.o [4]
  .near_func.text  ro code  0x008215    0x3  unhandled_exception.o [4]
  .near_func.text  ro code  0x008218    0x1  __dbg_break.o [3]
                          - 0x008219  0x199


*******************************************************************************
*** INIT TABLE
***

          Address   Size
          -------   ----
Zero (__iar_zero_init2)
    1 destination range, total size 0x69:
          0x00000c  0x69



*******************************************************************************
*** MODULE SUMMARY
***

    Module                 ro code  ro data  rw data
    ------                 -------  -------  -------
C:\Users\ThanhPham25\OneDrive\Documents\STM8\project\CambienSTM8s\Debug\Obj: [1]
    main.o                     219        8      105
    ------------------------------------------------
    Total:                     219        8      105

command line: [2]
    ------------------------------------------------
    Total:

dbgstm8smd.a: [3]
    __dbg_break.o                1
    __dbg_xxexit.o              20
    ------------------------------------------------
    Total:                      21

dlstm8smn.a: [4]
    cexit.o                      5
    cstartup.o                  19
    exit.o                       3
    init.o                      20
    init_small.o                30
    interrupt.o                  3      128
    low_level_init.o             3
    move.o                      13
    short.o                     30
    unhandled_exception.o        3
    vreg_util.o                 24
    vregs.o                                       12
    ------------------------------------------------
    Total:                     153      128       12

    Linker created                        8      256
----------------------------------------------------
    Grand Total:               393      144      373


*******************************************************************************
*** ENTRY LIST
***

Entry                    Address  Size  Type      Object
-----                    -------  ----  ----      ------
.iar.init_table$$Base   0x008149         --   Gb  - Linker created -
.iar.init_table$$Limit  0x008151         --   Gb  - Linker created -
?b0                     0x000000        Data  Gb  vregs.o [4]
?b1                     0x000001        Data  Gb  vregs.o [4]
?b10                    0x00000a        Data  Gb  vregs.o [4]
?b11                    0x00000b        Data  Gb  vregs.o [4]
?b2                     0x000002        Data  Gb  vregs.o [4]
?b3                     0x000003        Data  Gb  vregs.o [4]
?b4                     0x000004        Data  Gb  vregs.o [4]
?b5                     0x000005        Data  Gb  vregs.o [4]
?b6                     0x000006        Data  Gb  vregs.o [4]
?b7                     0x000007        Data  Gb  vregs.o [4]
?b8                     0x000008        Data  Gb  vregs.o [4]
?b9                     0x000009        Data  Gb  vregs.o [4]
?e0                     0x000001        Data  Gb  vregs.o [4]
?e1                     0x000005        Data  Gb  vregs.o [4]
?e2                     0x000009        Data  Gb  vregs.o [4]
?l0                     0x000000        Data  Gb  vregs.o [4]
?l1                     0x000004        Data  Gb  vregs.o [4]
?l2                     0x000008        Data  Gb  vregs.o [4]
?move1616_v_x_y_a       0x0081f2        Code  Gb  move.o [4]
?mul16_x_x_w0           0x008151        Code  Gb  short.o [4]
?push_w4                0x00818d        Code  Gb  vreg_util.o [4]
?w0                     0x000000        Data  Gb  vregs.o [4]
?w1                     0x000002        Data  Gb  vregs.o [4]
?w2                     0x000004        Data  Gb  vregs.o [4]
?w3                     0x000006        Data  Gb  vregs.o [4]
?w4                     0x000008        Data  Gb  vregs.o [4]
?w5                     0x00000a        Data  Gb  vregs.o [4]
CLK_HSI_16Mhz_config    0x0081e0  0x12  Code  Gb  main.o [1]
CSTACK$$Base            0x000300         --   Gb  - Linker created -
CSTACK$$Limit           0x000400         --   Gb  - Linker created -
Convert_bytes_into_uint16_t
                        0x008080   0xc  Code  Gb  main.o [1]
Convert_bytes_into_uint16_t::tmp
                        0x000070   0x2  Data  Lc  main.o [1]
Flash_Write_Struct_Array
                        0x0080e2  0x43  Code  Gb  main.o [1]
INTVEC$$Base            0x008000         --   Gb  - Linker created -
INTVEC$$Limit           0x008080         --   Gb  - Linker created -
Region$$Table$$Base     0x008149         --   Gb  - Linker created -
Region$$Table$$Limit    0x008151         --   Gb  - Linker created -
UART1_RX_IRQHandler     0x00808c  0x56  Code  Gb  main.o [1]
__DebugBreak            0x008218   0x1  Code  Gb  __dbg_break.o [3]
__exit                  0x0081b9  0x14  Code  Gb  __dbg_xxexit.o [3]
__iar_data_init2        0x0081a5  0x14  Code  Gb  init.o [4]
__iar_program_start     0x0081cd        Code  Gb  cstartup.o [4]
__iar_unhandled_exception
                        0x008215        Code  Gb  unhandled_exception.o [4]
__iar_zero_init2        0x00816f        Code  Gb  init_small.o [4]
__intvec                0x008000        Data  Gb  interrupt.o [4]
__low_level_init        0x00820f   0x3  Code  Gb  low_level_init.o [4]
_exit                   0x008207        Code  Gb  cexit.o [4]
_interrupt_20           0x00808c        Code  Gb  main.o [1]
array_receive           0x00000c  0x64  Data  Gb  main.o [1]
count_array_receive     0x000072   0x2  Data  Gb  main.o [1]
exit                    0x008212   0x3  Code  Gb  exit.o [4]
flag_array_receive      0x000074   0x1  Data  Gb  main.o [1]
main                    0x008125  0x24  Code  Gb  main.o [1]


[1] = C:\Users\ThanhPham25\OneDrive\Documents\STM8\project\CambienSTM8s\Debug\Obj
[2] = command line
[3] = dbgstm8smd.a
[4] = dlstm8smn.a

  393 bytes of readonly  code memory
  144 bytes of readonly  data memory
  373 bytes of readwrite data memory

Errors: none
Warnings: none
