###############################################################################
#
# IAR ELF Linker V3.11.1.207 for STM8                     24/Mar/2025  16:51:42
# Copyright 2010-2019 IAR Systems AB.
#
#    Output file  =  
#        D:\1.Project_LAB_PTIT\1.STM8s\1.DocCamBien\4.FUNCTIONS\10.LUX\project\Debug\Exe\LUX.out
#    Map file     =  
#        D:\1.Project_LAB_PTIT\1.STM8s\1.DocCamBien\4.FUNCTIONS\10.LUX\project\Debug\List\LUX.map
#    Command line =  
#        -f C:\Users\THANHP~1\AppData\Local\Temp\EW956D.tmp
#        (D:\1.Project_LAB_PTIT\1.STM8s\1.DocCamBien\4.FUNCTIONS\10.LUX\project\Debug\Obj\main.o
#        D:\1.Project_LAB_PTIT\1.STM8s\1.DocCamBien\4.FUNCTIONS\10.LUX\project\Debug\Obj\stm8s_clk.o
#        D:\1.Project_LAB_PTIT\1.STM8s\1.DocCamBien\4.FUNCTIONS\10.LUX\project\Debug\Obj\stm8s_i2c.o
#        D:\1.Project_LAB_PTIT\1.STM8s\1.DocCamBien\4.FUNCTIONS\10.LUX\project\Debug\Obj\stm8s_uart1.o
#        D:\1.Project_LAB_PTIT\1.STM8s\1.DocCamBien\4.FUNCTIONS\10.LUX\project\Debug\Obj\uart.o
#        --redirect _Printf=_PrintfSmall --redirect _Scanf=_ScanfSmall
#        --no_out_extension -o
#        D:\1.Project_LAB_PTIT\1.STM8s\1.DocCamBien\4.FUNCTIONS\10.LUX\project\Debug\Exe\LUX.out
#        --map
#        D:\1.Project_LAB_PTIT\1.STM8s\1.DocCamBien\4.FUNCTIONS\10.LUX\project\Debug\List\LUX.map
#        --config "C:\Program Files (x86)\IAR Systems\Embedded Workbench
#        8.3\stm8\config\lnkstm8s103f3.icf" --config_def _CSTACK_SIZE=0x100
#        --config_def _HEAP_SIZE=0x100 --entry __iar_program_start --debug_lib)
#
###############################################################################

*******************************************************************************
*** MESSAGES
***

Error[Li005]: no definition for "delay_ms" [referenced from D:\1.Project_LAB_PT
          IT\1.STM8s\1.DocCamBien\4.FUNCTIONS\10.LUX\project\Debug\Obj\main.o]


*******************************************************************************
*** RUNTIME MODEL ATTRIBUTES
***

__SystemLibrary            = DLib
__code_model               = small
__core                     = stm8
__data_model               = medium
__dlib_file_descriptor     = 0
__dlib_full_locale_support = 0
__rt_version               = 4


*******************************************************************************
*** PLACEMENT SUMMARY
***

"A0":  place at start of [0x000000-0x0000ff] { rw section .vregs };
"A1":  place at end of [0x000000-0x0003ff] { block CSTACK };
"P2":  place in [from 0x000000 to 0x0003ff] {
          block HEAP, rw section __DLIB_PERTHREAD, rw section .far.bss,
          rw section .far.data, rw section .far.noinit,
          rw section .far_func.textrw, rw section .huge.bss,
          rw section .huge.data, rw section .huge.noinit,
          rw section .huge_func.textrw, rw section .iar.dynexit,
          rw section .near.bss, rw section .near.data, rw section .near.noinit,
          rw section .near_func.textrw };
"A2":  place at start of [0x008000-0x009fff] { block INTVEC };
"P3":  place in [from 0x008000 to 0x009fff] {
          ro section __DLIB_PERTHREAD_init, ro section .far.data_init,
          ro section .far_func.textrw_init, ro section .huge.data_init,
          ro section .huge_func.textrw_init, ro section .iar.init_table,
          ro section .init_array, ro section .near.data_init,
          ro section .near.rodata, ro section .near_func.text,
          ro section .near_func.textrw_init, ro section .tiny.data_init,
          ro section .tiny.rodata_init };
"P4":  place in [from 0x008000 to 0x009fff] {
          ro section .far.rodata, ro section .far_func.text };
"P5":  place in [from 0x008000 to 0x009fff] {
          ro section .huge.rodata, ro section .huge_func.text };
do not initialize {
   rw section .eeprom.noinit, rw section .far.noinit, rw section .huge.noinit,
   rw section .near.noinit, rw section .tiny.noinit, rw section .vregs };

No sections matched the following patterns:

  ro section .far.data_init          in "P3-P5"
  ro section .far.rodata             in "P3-P5"
  ro section .far_func.text          in "P3-P5"
  ro section .far_func.textrw_init   in "P3-P5"
  ro section .huge.data_init         in "P3-P5"
  ro section .huge.rodata            in "P3-P5"
  ro section .huge_func.text         in "P3-P5"
  ro section .huge_func.textrw_init  in "P3-P5"
  ro section .iar.init_table         in "P3-P5"
  ro section .init_array             in "P3-P5"
  ro section .near.data_init         in "P3-P5"
  ro section .near_func.textrw_init  in "P3-P5"
  ro section .tiny.data_init         in "P3-P5"
  ro section .tiny.rodata_init       in "P3-P5"
  ro section __DLIB_PERTHREAD_init   in "P3-P5"
  rw section .far.bss                in "P2"
  rw section .far.data               in "P2"
  rw section .far.noinit             in "P2"
  rw section .far_func.textrw        in "P2"
  rw section .huge.bss               in "P2"
  rw section .huge.data              in "P2"
  rw section .huge.noinit            in "P2"
  rw section .huge_func.textrw       in "P2"
  rw section .iar.dynexit            in "P2"
  rw section .near.data              in "P2"
  rw section .near.noinit            in "P2"
  rw section .near_func.textrw       in "P2"
  rw section .tiny.bss               in "P1"
  rw section .tiny.data              in "P1"
  rw section .tiny.noinit            in "P1"
  rw section .tiny.rodata            in "P1"
  rw section __DLIB_PERTHREAD        in "P2"
  section .eeprom.data               in "P6-P8"
  section .eeprom.noinit             in "P6-P8"
  section .eeprom.rodata             in "P6-P8"


  Section          Kind      Address   Size  Object
  -------          ----      -------   ----  ------
"A0":                                  0x10
  .vregs           uninit   0x000000   0x10  vregs.o [4]
                          - 0x000010   0x10

"P2":                                  0x16
  .near.bss        zero     0x000010   0x14  uart.o [1]
  .near.bss        zero     0x000024    0x2  uart.o [1]
                          - 0x000026   0x16

"A1":                                 0x100
  CSTACK                    0x000300  0x100  <Block>
    CSTACK         uninit   0x000300  0x100  <Block tail>
                          - 0x000400  0x100

"A2":                                  0x80
  INTVEC                    0x008000   0x80  <Block>
    .intvec        const    0x008000   0x80  interrupt.o [4]
                          - 0x008080   0x80

"P3-P5":                              0xf18
  .near_func.text  ro code  0x008080  0x3df  float.o [4]
  .near_func.text  ro code  0x00845f  0x1e1  stm8s_i2c.o [1]
  .near_func.text  ro code  0x008640  0x11c  long.o [4]
  .near_func.text  ro code  0x00875c   0xd8  vreg_util.o [4]
  .near_func.text  ro code  0x008834   0xd1  stm8s_i2c.o [1]
  .near_func.text  ro code  0x008905   0x9e  stm8s_uart1.o [1]
  .near_func.text  ro code  0x0089a3   0x65  uart.o [1]
  .near_func.text  ro code  0x008a08   0x64  main.o [1]
  .near_func.text  ro code  0x008a6c   0x5e  uart.o [1]
  .near.rodata     const    0x008aca   0x58  stm8s_uart1.o [1]
  .near.rodata     const    0x008b22   0x56  stm8s_clk.o [1]
  .near.rodata     const    0x008b78   0x56  stm8s_i2c.o [1]
  .near_func.text  ro code  0x008bce   0x4f  stm8s_clk.o [1]
  .near_func.text  ro code  0x008c1d   0x4f  short.o [4]
  .near_func.text  ro code  0x008c6c   0x4e  uart.o [1]
  .near_func.text  ro code  0x008cba   0x46  stm8s_i2c.o [1]
  .near_func.text  ro code  0x008d00   0x45  stm8s_i2c.o [1]
  .near_func.text  ro code  0x008d45   0x3d  main.o [1]
  .near_func.text  ro code  0x008d82   0x3d  stm8s_clk.o [1]
  .near_func.text  ro code  0x008dbf   0x2f  stm8s_i2c.o [1]
  .near_func.text  ro code  0x008dee   0x2f  stm8s_i2c.o [1]
  .near_func.text  ro code  0x008e1d   0x2f  stm8s_i2c.o [1]
  .near_func.text  ro code  0x008e4c   0x2d  main.o [1]
  .near_func.text  ro code  0x008e79   0x27  main.o [1]
  .near_func.text  ro code  0x008ea0   0x26  uart.o [1]
  .near_func.text  ro code  0x008ec6   0x25  stm8s_i2c.o [1]
  .iar.init_table  const    0x008eeb    0x8  - Linker created -
  .near_func.text  ro code  0x008ef3   0x1e  init_small.o [4]
  .near_func.text  ro code  0x008f11   0x18  dc_util.o [4]
  .near_func.text  ro code  0x008f29   0x14  init.o [4]
  .near_func.text  ro code  0x008f3d   0x14  __dbg_xxexit.o [3]
  .near_func.text  ro code  0x008f51   0x13  cstartup.o [4]
  .near_func.text  ro code  0x008f64    0xc  long_util.o [4]
  .near_func.text  ro code  0x008f70    0x9  uart.o [1]
  .near_func.text  ro code  0x008f79    0x5  cexit.o [4]
  .near.rodata     const    0x008f7e    0x4  stm8s_clk.o [1]
  .near_func.text  ro code  0x008f82    0x4  stm8s_i2c.o [1]
  .near_func.text  ro code  0x008f86    0x4  stm8s_i2c.o [1]
  .near_func.text  ro code  0x008f8a    0x3  interrupt.o [4]
  .near_func.text  ro code  0x008f8d    0x3  low_level_init.o [4]
  .near_func.text  ro code  0x008f90    0x3  exit.o [4]
  .near_func.text  ro code  0x008f93    0x3  unhandled_exception.o [4]
  .near_func.text  ro code  0x008f96    0x1  main.o [1]
  .near_func.text  ro code  0x008f97    0x1  __dbg_break.o [3]
                          - 0x008f98  0xf18


*******************************************************************************
*** INIT TABLE
***

          Address   Size
          -------   ----
Zero (__iar_zero_init2)
    1 destination range, total size 0x16:
          0x000010  0x16



*******************************************************************************
*** MODULE SUMMARY
***

    Module                 ro code  ro data  rw data
    ------                 -------  -------  -------
D:\1.Project_LAB_PTIT\1.STM8s\1.DocCamBien\4.FUNCTIONS\10.LUX\project\Debug\Obj: [1]
    main.o                     246
    stm8s_clk.o                140       90
    stm8s_i2c.o              1 015       86
    stm8s_uart1.o              158       88
    uart.o                     320                22
    ------------------------------------------------
    Total:                   1 879      264       22

command line: [2]
    ------------------------------------------------
    Total:

dbgstm8smd.a: [3]
    __dbg_break.o                1
    __dbg_xxexit.o              20
    ------------------------------------------------
    Total:                      21

dlstm8smn.a: [4]
    cexit.o                      5
    cstartup.o                  19
    dc_util.o                   24
    exit.o                       3
    float.o                    991
    init.o                      20
    init_small.o                30
    interrupt.o                  3      128
    long.o                     284
    long_util.o                 12
    low_level_init.o             3
    short.o                     79
    unhandled_exception.o        3
    vreg_util.o                216
    vregs.o                                       16
    ------------------------------------------------
    Total:                   1 692      128       16

    Linker created                        8      256
----------------------------------------------------
    Grand Total:             3 592      400      294


*******************************************************************************
*** ENTRY LIST
***

Entry                    Address   Size  Type      Object
-----                    -------   ----  ----      ------
.iar.init_table$$Base   0x008eeb          --   Gb  - Linker created -
.iar.init_table$$Limit  0x008ef3          --   Gb  - Linker created -
?b0                     0x000000         Data  Gb  vregs.o [4]
?b1                     0x000001         Data  Gb  vregs.o [4]
?b10                    0x00000a         Data  Gb  vregs.o [4]
?b11                    0x00000b         Data  Gb  vregs.o [4]
?b12                    0x00000c         Data  Gb  vregs.o [4]
?b13                    0x00000d         Data  Gb  vregs.o [4]
?b14                    0x00000e         Data  Gb  vregs.o [4]
?b15                    0x00000f         Data  Gb  vregs.o [4]
?b2                     0x000002         Data  Gb  vregs.o [4]
?b3                     0x000003         Data  Gb  vregs.o [4]
?b4                     0x000004         Data  Gb  vregs.o [4]
?b5                     0x000005         Data  Gb  vregs.o [4]
?b6                     0x000006         Data  Gb  vregs.o [4]
?b7                     0x000007         Data  Gb  vregs.o [4]
?b8                     0x000008         Data  Gb  vregs.o [4]
?b9                     0x000009         Data  Gb  vregs.o [4]
?dc32_l1                0x008f11         Code  Gb  dc_util.o [4]
?dc32_px                0x008f1e         Code  Gb  dc_util.o [4]
?e0                     0x000001         Data  Gb  vregs.o [4]
?e1                     0x000005         Data  Gb  vregs.o [4]
?e2                     0x000009         Data  Gb  vregs.o [4]
?e3                     0x00000d         Data  Gb  vregs.o [4]
?epilogue_l2            0x0087eb         Code  Gb  vreg_util.o [4]
?epilogue_l2_l3         0x0087e8         Code  Gb  vreg_util.o [4]
?epilogue_w4            0x0087ef         Code  Gb  vreg_util.o [4]
?fadd32_l0_l0_l1        0x0080a3         Code  Gb  float.o [4]
?fcastf32s16_l0_x       0x00831a         Code  Gb  float.o [4]
?fcasts16f32_x_l0       0x00833d         Code  Gb  float.o [4]
?fcmplt32_c_l0_0x       0x0082c4         Code  Gb  float.o [4]
?fcmplt32_c_l0_dc32     0x0082bf         Code  Gb  float.o [4]
?fdiv32_l0_l0_dc32      0x00820c         Code  Gb  float.o [4]
?fdiv32_l0_l0_l1        0x008211         Code  Gb  float.o [4]
?fmul32_l0_l0_l1        0x008171         Code  Gb  float.o [4]
?fsub32_l0_l0_l1        0x00809d         Code  Gb  float.o [4]
?l0                     0x000000         Data  Gb  vregs.o [4]
?l1                     0x000004         Data  Gb  vregs.o [4]
?l2                     0x000008         Data  Gb  vregs.o [4]
?l3                     0x00000c         Data  Gb  vregs.o [4]
?load32_l1_0x           0x008f64         Code  Gb  long_util.o [4]
?mov_e0_e1              0x0087f6         Code  Gb  vreg_util.o [4]
?mov_e0_e2              0x008803         Code  Gb  vreg_util.o [4]
?mov_e1_e0              0x008810         Code  Gb  vreg_util.o [4]
?mov_e1_e2              0x00881d         Code  Gb  vreg_util.o [4]
?mov_e2_e0              0x00882a         Code  Gb  vreg_util.o [4]
?mov_l0_l1              0x0087f3         Code  Gb  vreg_util.o [4]
?mov_l0_l2              0x008800         Code  Gb  vreg_util.o [4]
?mov_l1_l0              0x00880d         Code  Gb  vreg_util.o [4]
?mov_l1_l2              0x00881a         Code  Gb  vreg_util.o [4]
?mov_l2_l0              0x008827         Code  Gb  vreg_util.o [4]
?mov_w1_w3              0x0087f9         Code  Gb  vreg_util.o [4]
?mov_w1_w5              0x008806         Code  Gb  vreg_util.o [4]
?mov_w3_w1              0x008813         Code  Gb  vreg_util.o [4]
?mov_w3_w5              0x008820         Code  Gb  vreg_util.o [4]
?mov_w5_w1              0x00882d         Code  Gb  vreg_util.o [4]
?mul16_x_x_w0           0x008c1d         Code  Gb  short.o [4]
?mul32_l0_l0_0x         0x008643         Code  Gb  long.o [4]
?mul32_l0_l0_dl         0x008640         Code  Gb  long.o [4]
?mul32_l0_l0_l1         0x00864c         Code  Gb  long.o [4]
?pop_l0                 0x0087b4         Code  Gb  vreg_util.o [4]
?pop_l1                 0x0087bf         Code  Gb  vreg_util.o [4]
?pop_l2                 0x0087ca         Code  Gb  vreg_util.o [4]
?pop_l3                 0x0087d5         Code  Gb  vreg_util.o [4]
?pop_w4                 0x008774         Code  Gb  vreg_util.o [4]
?push_l0                0x008783         Code  Gb  vreg_util.o [4]
?push_l1                0x008788         Code  Gb  vreg_util.o [4]
?push_l2                0x00878d         Code  Gb  vreg_util.o [4]
?push_l3                0x008792         Code  Gb  vreg_util.o [4]
?push_w4                0x00875c         Code  Gb  vreg_util.o [4]
?sdiv16_x_x_y           0x008c3b         Code  Gb  short.o [4]
?sll32_0x_0x_a          0x00873d         Code  Gb  long.o [4]
?sll32_l0_l0_a          0x00873a         Code  Gb  long.o [4]
?smod16_y_x_y           0x008c54         Code  Gb  short.o [4]
?srl16_x_x_4            0x008c67         Code  Gb  short.o [4]
?srl16_x_x_5            0x008c66         Code  Gb  short.o [4]
?srl16_x_x_6            0x008c65         Code  Gb  short.o [4]
?srl16_x_x_7            0x008c64         Code  Gb  short.o [4]
?srl32_0x_0x_a          0x00874e         Code  Gb  long.o [4]
?srl32_l0_l0_a          0x00874b         Code  Gb  long.o [4]
?udiv32_l0_l0_dl        0x0086ca         Code  Gb  long.o [4]
?udiv32_l0_l0_l1        0x0086cd         Code  Gb  long.o [4]
?umod32_l1_l0_l1        0x0086cd         Code  Gb  long.o [4]
?w0                     0x000000         Data  Gb  vregs.o [4]
?w1                     0x000002         Data  Gb  vregs.o [4]
?w2                     0x000004         Data  Gb  vregs.o [4]
?w3                     0x000006         Data  Gb  vregs.o [4]
?w4                     0x000008         Data  Gb  vregs.o [4]
?w5                     0x00000a         Data  Gb  vregs.o [4]
?w6                     0x00000c         Data  Gb  vregs.o [4]
?w7                     0x00000e         Data  Gb  vregs.o [4]
BH1750_ReadLight        0x008a08   0x64  Code  Gb  main.o [1]
BH1750_Write            0x008d45   0x3d  Code  Gb  main.o [1]
CLK_GetClockFreq        0x008bce   0x4f  Code  Gb  stm8s_clk.o [1]
CLK_HSIPrescalerConfig  0x008d82   0x3d  Code  Gb  stm8s_clk.o [1]
CSTACK$$Base            0x000300          --   Gb  - Linker created -
CSTACK$$Limit           0x000400          --   Gb  - Linker created -
HSIDivExp               0x008f7e    0x4  Data  Gb  stm8s_clk.o [1]
I2C_AcknowledgeConfig   0x008d00   0x45  Code  Gb  stm8s_i2c.o [1]
I2C_CheckEvent          0x008834   0xd1  Code  Gb  stm8s_i2c.o [1]
I2C_Cmd                 0x008dbf   0x2f  Code  Gb  stm8s_i2c.o [1]
I2C_DeInit              0x008ec6   0x25  Code  Gb  stm8s_i2c.o [1]
I2C_GenerateSTART       0x008dee   0x2f  Code  Gb  stm8s_i2c.o [1]
I2C_GenerateSTOP        0x008e1d   0x2f  Code  Gb  stm8s_i2c.o [1]
I2C_Init                0x00845f  0x1e1  Code  Gb  stm8s_i2c.o [1]
I2C_Init_BH1750         0x008e4c   0x2d  Code  Gb  main.o [1]
I2C_ReceiveData         0x008f82    0x4  Code  Gb  stm8s_i2c.o [1]
I2C_Send7bitAddress     0x008cba   0x46  Code  Gb  stm8s_i2c.o [1]
I2C_SendData            0x008f86    0x4  Code  Gb  stm8s_i2c.o [1]
INTVEC$$Base            0x008000          --   Gb  - Linker created -
INTVEC$$Limit           0x008080          --   Gb  - Linker created -
Region$$Table$$Base     0x008eeb          --   Gb  - Linker created -
Region$$Table$$Limit    0x008ef3          --   Gb  - Linker created -
UART1_GetFlagStatus     0x008905   0x9e  Code  Gb  stm8s_uart1.o [1]
UART1_RX_IRQHandler     0x008ea0   0x26  Code  Gb  uart.o [1]
UART1_Send_Char         0x008f70    0x9  Code  Gb  uart.o [1]
UART1_Send_Float        0x0089a3   0x65  Code  Gb  uart.o [1]
UART1_Send_Int          0x008a6c   0x5e  Code  Gb  uart.o [1]
UART_Configuration      0x008c6c   0x4e  Code  Gb  uart.o [1]
__DebugBreak            0x008f97    0x1  Code  Gb  __dbg_break.o [3]
__exit                  0x008f3d   0x14  Code  Gb  __dbg_xxexit.o [3]
__iar_data_init2        0x008f29   0x14  Code  Gb  init.o [4]
__iar_program_start     0x008f51         Code  Gb  cstartup.o [4]
__iar_unhandled_exception
                        0x008f93         Code  Gb  unhandled_exception.o [4]
__iar_zero_init2        0x008ef3         Code  Gb  init_small.o [4]
__intvec                0x008000         Data  Gb  interrupt.o [4]
__low_level_init        0x008f8d    0x3  Code  Gb  low_level_init.o [4]
_exit                   0x008f79         Code  Gb  cexit.o [4]
_interrupt_20           0x008ea0         Code  Gb  uart.o [1]
array_receive           0x000010   0x14  Data  Gb  uart.o [1]
assert_failed           0x008f96    0x1  Code  Gb  main.o [1]
count_array_receive     0x000024    0x2  Data  Gb  uart.o [1]
exit                    0x008f90    0x3  Code  Gb  exit.o [4]
main                    0x008e79   0x27  Code  Gb  main.o [1]


[1] = D:\1.Project_LAB_PTIT\1.STM8s\1.DocCamBien\4.FUNCTIONS\10.LUX\project\Debug\Obj
[2] = command line
[3] = dbgstm8smd.a
[4] = dlstm8smn.a

  3 592 bytes of readonly  code memory
    400 bytes of readonly  data memory
    294 bytes of readwrite data memory

Errors: 1
Warnings: none
