###############################################################################
#
# IAR ELF Linker V3.11.1.207 for STM8                     26/Mar/2025  16:36:39
# Copyright 2010-2019 IAR Systems AB.
#
#    Output file  =  
#        D:\1.Project_LAB_PTIT\1.STM8s\1.DocCamBien\4.FUNCTIONS\12.RTC\project\Debug\Exe\RTC.out
#    Map file     =  
#        D:\1.Project_LAB_PTIT\1.STM8s\1.DocCamBien\4.FUNCTIONS\12.RTC\project\Debug\List\RTC.map
#    Command line =  
#        -f C:\Users\THANHP~1\AppData\Local\Temp\EW7D74.tmp
#        (D:\1.Project_LAB_PTIT\1.STM8s\1.DocCamBien\4.FUNCTIONS\12.RTC\project\Debug\Obj\i2c.o
#        D:\1.Project_LAB_PTIT\1.STM8s\1.DocCamBien\4.FUNCTIONS\12.RTC\project\Debug\Obj\main.o
#        D:\1.Project_LAB_PTIT\1.STM8s\1.DocCamBien\4.FUNCTIONS\12.RTC\project\Debug\Obj\RTC.o
#        D:\1.Project_LAB_PTIT\1.STM8s\1.DocCamBien\4.FUNCTIONS\12.RTC\project\Debug\Obj\stm8s_i2c.o
#        D:\1.Project_LAB_PTIT\1.STM8s\1.DocCamBien\4.FUNCTIONS\12.RTC\project\Debug\Obj\stm8s_uart1.o
#        D:\1.Project_LAB_PTIT\1.STM8s\1.DocCamBien\4.FUNCTIONS\12.RTC\project\Debug\Obj\uart.o
#        --redirect _Printf=_PrintfSmall --redirect _Scanf=_ScanfSmall
#        --no_out_extension -o
#        D:\1.Project_LAB_PTIT\1.STM8s\1.DocCamBien\4.FUNCTIONS\12.RTC\project\Debug\Exe\RTC.out
#        --map
#        D:\1.Project_LAB_PTIT\1.STM8s\1.DocCamBien\4.FUNCTIONS\12.RTC\project\Debug\List\RTC.map
#        --config "C:\Program Files (x86)\IAR Systems\Embedded Workbench
#        8.3\stm8\config\lnkstm8s103f3.icf" --config_def _CSTACK_SIZE=0x100
#        --config_def _HEAP_SIZE=0x100 --entry __iar_program_start --debug_lib)
#
###############################################################################

*******************************************************************************
*** RUNTIME MODEL ATTRIBUTES
***

__SystemLibrary            = DLib
__code_model               = small
__core                     = stm8
__data_model               = medium
__dlib_file_descriptor     = 0
__dlib_full_locale_support = 0
__rt_version               = 4


*******************************************************************************
*** PLACEMENT SUMMARY
***

"A0":  place at start of [0x000000-0x0000ff] { rw section .vregs };
"A1":  place at end of [0x000000-0x0003ff] { block CSTACK };
"P2":  place in [from 0x000000 to 0x0003ff] {
          block HEAP, rw section __DLIB_PERTHREAD, rw section .far.bss,
          rw section .far.data, rw section .far.noinit,
          rw section .far_func.textrw, rw section .huge.bss,
          rw section .huge.data, rw section .huge.noinit,
          rw section .huge_func.textrw, rw section .iar.dynexit,
          rw section .near.bss, rw section .near.data, rw section .near.noinit,
          rw section .near_func.textrw };
"A2":  place at start of [0x008000-0x009fff] { block INTVEC };
"P3":  place in [from 0x008000 to 0x009fff] {
          ro section __DLIB_PERTHREAD_init, ro section .far.data_init,
          ro section .far_func.textrw_init, ro section .huge.data_init,
          ro section .huge_func.textrw_init, ro section .iar.init_table,
          ro section .init_array, ro section .near.data_init,
          ro section .near.rodata, ro section .near_func.text,
          ro section .near_func.textrw_init, ro section .tiny.data_init,
          ro section .tiny.rodata_init };
"P4":  place in [from 0x008000 to 0x009fff] {
          ro section .far.rodata, ro section .far_func.text };
"P5":  place in [from 0x008000 to 0x009fff] {
          ro section .huge.rodata, ro section .huge_func.text };
do not initialize {
   rw section .eeprom.noinit, rw section .far.noinit, rw section .huge.noinit,
   rw section .near.noinit, rw section .tiny.noinit, rw section .vregs };

No sections matched the following patterns:

  ro section .far.data_init          in "P3-P5"
  ro section .far.rodata             in "P3-P5"
  ro section .far_func.text          in "P3-P5"
  ro section .far_func.textrw_init   in "P3-P5"
  ro section .huge.data_init         in "P3-P5"
  ro section .huge.rodata            in "P3-P5"
  ro section .huge_func.text         in "P3-P5"
  ro section .huge_func.textrw_init  in "P3-P5"
  ro section .iar.init_table         in "P3-P5"
  ro section .init_array             in "P3-P5"
  ro section .near.data_init         in "P3-P5"
  ro section .near_func.textrw_init  in "P3-P5"
  ro section .tiny.data_init         in "P3-P5"
  ro section .tiny.rodata_init       in "P3-P5"
  ro section __DLIB_PERTHREAD_init   in "P3-P5"
  rw section .far.bss                in "P2"
  rw section .far.data               in "P2"
  rw section .far.noinit             in "P2"
  rw section .far_func.textrw        in "P2"
  rw section .huge.bss               in "P2"
  rw section .huge.data              in "P2"
  rw section .huge.noinit            in "P2"
  rw section .huge_func.textrw       in "P2"
  rw section .iar.dynexit            in "P2"
  rw section .near.data              in "P2"
  rw section .near.noinit            in "P2"
  rw section .near_func.textrw       in "P2"
  rw section .tiny.bss               in "P1"
  rw section .tiny.data              in "P1"
  rw section .tiny.noinit            in "P1"
  rw section .tiny.rodata            in "P1"
  rw section __DLIB_PERTHREAD        in "P2"
  section .eeprom.data               in "P6-P8"
  section .eeprom.noinit             in "P6-P8"
  section .eeprom.rodata             in "P6-P8"


  Section          Kind      Address   Size  Object
  -------          ----      -------   ----  ------
"A0":                                  0x10
  .vregs           uninit   0x000000   0x10  vregs.o [4]
                          - 0x000010   0x10

"P2":                                  0x25
  .near.bss        zero     0x000010   0x14  uart.o [1]
  .near.bss        zero     0x000024    0x7  main.o [1]
  .near.bss        zero     0x00002b    0x4  main.o [1]
  .near.bss        zero     0x00002f    0x4  main.o [1]
  .near.bss        zero     0x000033    0x2  uart.o [1]
                          - 0x000035   0x25

"A1":                                 0x100
  CSTACK                    0x000300  0x100  <Block>
    CSTACK         uninit   0x000300  0x100  <Block tail>
                          - 0x000400  0x100

"A2":                                  0x80
  INTVEC                    0x008000   0x80  <Block>
    .intvec        const    0x008000   0x80  interrupt.o [4]
                          - 0x008080   0x80

"P3-P5":                              0x889
  .near_func.text  ro code  0x008080   0xd1  stm8s_i2c.o [1]
  .near_func.text  ro code  0x008151   0x9e  stm8s_uart1.o [1]
  .near_func.text  ro code  0x0081ef   0x93  vreg_util.o [4]
  .near_func.text  ro code  0x008282   0x8a  RTC.o [1]
  .near_func.text  ro code  0x00830c   0x7c  main.o [1]
  .near_func.text  ro code  0x008388   0x79  RTC.o [1]
  .near_func.text  ro code  0x008401   0x65  RTC.o [1]
  .near.rodata     const    0x008466   0x58  stm8s_uart1.o [1]
  .near.rodata     const    0x0084be   0x56  stm8s_i2c.o [1]
  .near_func.text  ro code  0x008514   0x53  RTC.o [1]
  .near_func.text  ro code  0x008567   0x52  RTC.o [1]
  .near_func.text  ro code  0x0085b9   0x4d  uart.o [1]
  .near_func.text  ro code  0x008606   0x46  stm8s_i2c.o [1]
  .near_func.text  ro code  0x00864c   0x45  stm8s_i2c.o [1]
  .near_func.text  ro code  0x008691   0x34  i2c.o [1]
  .near_func.text  ro code  0x0086c5   0x33  uart.o [1]
  .near_func.text  ro code  0x0086f8   0x2f  stm8s_i2c.o [1]
  .near_func.text  ro code  0x008727   0x2f  stm8s_i2c.o [1]
  .near_func.text  ro code  0x008756   0x2e  RTC.o [1]
  .near_func.text  ro code  0x008784   0x2a  RTC.o [1]
  .near_func.text  ro code  0x0087ae   0x26  uart.o [1]
  .iar.init_table  const    0x0087d4    0x8  - Linker created -
  .near_func.text  ro code  0x0087dc   0x1e  init_small.o [4]
  .near_func.text  ro code  0x0087fa   0x1d  RTC.o [1]
  .near_func.text  ro code  0x008817   0x1c  main.o [1]
  .near_func.text  ro code  0x008833   0x16  RTC.o [1]
  .near_func.text  ro code  0x008849   0x15  RTC.o [1]
  .near_func.text  ro code  0x00885e   0x14  init.o [4]
  .near_func.text  ro code  0x008872   0x14  __dbg_xxexit.o [3]
  .near_func.text  ro code  0x008886   0x13  cstartup.o [4]
  .near_func.text  ro code  0x008899   0x12  main.o [1]
  .near.rodata     const    0x0088ab   0x11  main.o [1]
  .near.rodata     const    0x0088bc   0x10  main.o [1]
  .near_func.text  ro code  0x0088cc    0xe  RTC.o [1]
  .near_func.text  ro code  0x0088da    0xb  uart.o [1]
  .near_func.text  ro code  0x0088e5    0x9  uart.o [1]
  .near_func.text  ro code  0x0088ee    0x5  cexit.o [4]
  .near_func.text  ro code  0x0088f3    0x4  stm8s_i2c.o [1]
  .near_func.text  ro code  0x0088f7    0x4  stm8s_i2c.o [1]
  .near_func.text  ro code  0x0088fb    0x3  interrupt.o [4]
  .near_func.text  ro code  0x0088fe    0x3  low_level_init.o [4]
  .near_func.text  ro code  0x008901    0x3  exit.o [4]
  .near_func.text  ro code  0x008904    0x3  unhandled_exception.o [4]
  .near_func.text  ro code  0x008907    0x1  main.o [1]
  .near_func.text  ro code  0x008908    0x1  __dbg_break.o [3]
                          - 0x008909  0x889


*******************************************************************************
*** INIT TABLE
***

          Address   Size
          -------   ----
Zero (__iar_zero_init2)
    1 destination range, total size 0x25:
          0x000010  0x25



*******************************************************************************
*** MODULE SUMMARY
***

    Module                 ro code  ro data  rw data
    ------                 -------  -------  -------
D:\1.Project_LAB_PTIT\1.STM8s\1.DocCamBien\4.FUNCTIONS\12.RTC\project\Debug\Obj: [1]
    RTC.o                      699
    i2c.o                       52
    main.o                     171       33       15
    stm8s_i2c.o                450       86
    stm8s_uart1.o              158       88
    uart.o                     186                22
    ------------------------------------------------
    Total:                   1 716      207       37

command line: [2]
    ------------------------------------------------
    Total:

dbgstm8smd.a: [3]
    __dbg_break.o                1
    __dbg_xxexit.o              20
    ------------------------------------------------
    Total:                      21

dlstm8smn.a: [4]
    cexit.o                      5
    cstartup.o                  19
    exit.o                       3
    init.o                      20
    init_small.o                30
    interrupt.o                  3      128
    low_level_init.o             3
    unhandled_exception.o        3
    vreg_util.o                147
    vregs.o                                       16
    ------------------------------------------------
    Total:                     233      128       16

    Linker created                        8      256
----------------------------------------------------
    Grand Total:             1 970      343      309


*******************************************************************************
*** ENTRY LIST
***

Entry                    Address  Size  Type      Object
-----                    -------  ----  ----      ------
.iar.init_table$$Base   0x0087d4         --   Gb  - Linker created -
.iar.init_table$$Limit  0x0087dc         --   Gb  - Linker created -
?b0                     0x000000        Data  Gb  vregs.o [4]
?b1                     0x000001        Data  Gb  vregs.o [4]
?b10                    0x00000a        Data  Gb  vregs.o [4]
?b11                    0x00000b        Data  Gb  vregs.o [4]
?b12                    0x00000c        Data  Gb  vregs.o [4]
?b13                    0x00000d        Data  Gb  vregs.o [4]
?b14                    0x00000e        Data  Gb  vregs.o [4]
?b15                    0x00000f        Data  Gb  vregs.o [4]
?b2                     0x000002        Data  Gb  vregs.o [4]
?b3                     0x000003        Data  Gb  vregs.o [4]
?b4                     0x000004        Data  Gb  vregs.o [4]
?b5                     0x000005        Data  Gb  vregs.o [4]
?b6                     0x000006        Data  Gb  vregs.o [4]
?b7                     0x000007        Data  Gb  vregs.o [4]
?b8                     0x000008        Data  Gb  vregs.o [4]
?b9                     0x000009        Data  Gb  vregs.o [4]
?e0                     0x000001        Data  Gb  vregs.o [4]
?e1                     0x000005        Data  Gb  vregs.o [4]
?e2                     0x000009        Data  Gb  vregs.o [4]
?e3                     0x00000d        Data  Gb  vregs.o [4]
?epilogue_l2_w6         0x008277        Code  Gb  vreg_util.o [4]
?epilogue_w4            0x00827e        Code  Gb  vreg_util.o [4]
?l0                     0x000000        Data  Gb  vregs.o [4]
?l1                     0x000004        Data  Gb  vregs.o [4]
?l2                     0x000008        Data  Gb  vregs.o [4]
?l3                     0x00000c        Data  Gb  vregs.o [4]
?pop_l0                 0x00824e        Code  Gb  vreg_util.o [4]
?pop_l1                 0x008259        Code  Gb  vreg_util.o [4]
?pop_l2                 0x008264        Code  Gb  vreg_util.o [4]
?pop_w4                 0x00820c        Code  Gb  vreg_util.o [4]
?pop_w6                 0x008213        Code  Gb  vreg_util.o [4]
?push_l0                0x008222        Code  Gb  vreg_util.o [4]
?push_l1                0x008227        Code  Gb  vreg_util.o [4]
?push_l2                0x00822c        Code  Gb  vreg_util.o [4]
?push_w4                0x0081ef        Code  Gb  vreg_util.o [4]
?push_w6                0x0081f4        Code  Gb  vreg_util.o [4]
?w0                     0x000000        Data  Gb  vregs.o [4]
?w1                     0x000002        Data  Gb  vregs.o [4]
?w2                     0x000004        Data  Gb  vregs.o [4]
?w3                     0x000006        Data  Gb  vregs.o [4]
?w4                     0x000008        Data  Gb  vregs.o [4]
?w5                     0x00000a        Data  Gb  vregs.o [4]
?w6                     0x00000c        Data  Gb  vregs.o [4]
?w7                     0x00000e        Data  Gb  vregs.o [4]
Bcd_To_Binary           0x008833  0x16  Code  Lc  RTC.o [1]
Binary_To_Bcd           0x008784  0x2a  Code  Lc  RTC.o [1]
CLK_HSI_16Mhz_config    0x008899  0x12  Code  Gb  main.o [1]
CSTACK$$Base            0x000300         --   Gb  - Linker created -
CSTACK$$Limit           0x000400         --   Gb  - Linker created -
DS1307_Init             0x0088cc   0xe  Code  Gb  RTC.o [1]
DS1307_read             0x008388  0x79  Code  Gb  RTC.o [1]
DS1307_write            0x008514  0x53  Code  Gb  RTC.o [1]
DateToArray             0x0087fa  0x1d  Code  Gb  RTC.o [1]
Get_Current_Date        0x008756  0x2e  Code  Gb  RTC.o [1]
Get_Current_Time        0x008401  0x65  Code  Gb  RTC.o [1]
I2C_AcknowledgeConfig   0x00864c  0x45  Code  Gb  stm8s_i2c.o [1]
I2C_CheckEvent          0x008080  0xd1  Code  Gb  stm8s_i2c.o [1]
I2C_GenerateSTART       0x0086f8  0x2f  Code  Gb  stm8s_i2c.o [1]
I2C_GenerateSTOP        0x008727  0x2f  Code  Gb  stm8s_i2c.o [1]
I2C_ReceiveData         0x0088f3   0x4  Code  Gb  stm8s_i2c.o [1]
I2C_Send7bitAddress     0x008606  0x46  Code  Gb  stm8s_i2c.o [1]
I2C_SendData            0x0088f7   0x4  Code  Gb  stm8s_i2c.o [1]
I2c_Init                0x008691  0x34  Code  Gb  i2c.o [1]
INTVEC$$Base            0x008000         --   Gb  - Linker created -
INTVEC$$Limit           0x008080         --   Gb  - Linker created -
RTC_buffer              0x000024   0x7  Data  Gb  main.o [1]
Region$$Table$$Base     0x0087d4         --   Gb  - Linker created -
Region$$Table$$Limit    0x0087dc         --   Gb  - Linker created -
Set_Current_Date        0x008567  0x52  Code  Gb  RTC.o [1]
Set_Current_Time        0x008282  0x8a  Code  Gb  RTC.o [1]
TimeToArray             0x008849  0x15  Code  Gb  RTC.o [1]
UART1_GetFlagStatus     0x008151  0x9e  Code  Gb  stm8s_uart1.o [1]
UART1_RX_IRQHandler     0x0087ae  0x26  Code  Gb  uart.o [1]
UART1_Send_Char         0x0088e5   0x9  Code  Gb  uart.o [1]
UART1_Send_String       0x0088da   0xb  Code  Gb  uart.o [1]
UART_Configuration      0x0085b9  0x4d  Code  Gb  uart.o [1]
UART_Send_Array         0x0086c5  0x33  Code  Gb  uart.o [1]
__DebugBreak            0x008908   0x1  Code  Gb  __dbg_break.o [3]
__exit                  0x008872  0x14  Code  Gb  __dbg_xxexit.o [3]
__iar_data_init2        0x00885e  0x14  Code  Gb  init.o [4]
__iar_program_start     0x008886        Code  Gb  cstartup.o [4]
__iar_unhandled_exception
                        0x008904        Code  Gb  unhandled_exception.o [4]
__iar_zero_init2        0x0087dc        Code  Gb  init_small.o [4]
__intvec                0x008000        Data  Gb  interrupt.o [4]
__low_level_init        0x0088fe   0x3  Code  Gb  low_level_init.o [4]
_exit                   0x0088ee        Code  Gb  cexit.o [4]
_interrupt_20           0x0087ae        Code  Gb  uart.o [1]
array_receive           0x000010  0x14  Data  Gb  uart.o [1]
assert_failed           0x008907   0x1  Code  Gb  main.o [1]
count_array_receive     0x000033   0x2  Data  Gb  uart.o [1]
current_date            0x00002f   0x4  Data  Gb  main.o [1]
current_time            0x00002b   0x4  Data  Gb  main.o [1]
delay_ms                0x008817  0x1c  Code  Gb  main.o [1]
exit                    0x008901   0x3  Code  Gb  exit.o [4]
main                    0x00830c  0x7c  Code  Gb  main.o [1]


[1] = D:\1.Project_LAB_PTIT\1.STM8s\1.DocCamBien\4.FUNCTIONS\12.RTC\project\Debug\Obj
[2] = command line
[3] = dbgstm8smd.a
[4] = dlstm8smn.a

  1 970 bytes of readonly  code memory
    343 bytes of readonly  data memory
    309 bytes of readwrite data memory

Errors: none
Warnings: none
