###############################################################################
#
# IAR ELF Linker V3.11.1.207 for STM8                     25/Mar/2025  10:40:26
# Copyright 2010-2019 IAR Systems AB.
#
#    Output file  =  
#        D:\1.Project_LAB_PTIT\1.STM8s\1.DocCamBien\4.FUNCTIONS\11.NTC\project\Debug\Exe\NTC.out
#    Map file     =  
#        D:\1.Project_LAB_PTIT\1.STM8s\1.DocCamBien\4.FUNCTIONS\11.NTC\project\Debug\List\NTC.map
#    Command line =  
#        -f C:\Users\THANHP~1\AppData\Local\Temp\EWCF2.tmp
#        (D:\1.Project_LAB_PTIT\1.STM8s\1.DocCamBien\4.FUNCTIONS\11.NTC\project\Debug\Obj\main.o
#        D:\1.Project_LAB_PTIT\1.STM8s\1.DocCamBien\4.FUNCTIONS\11.NTC\project\Debug\Obj\stm8s_clk.o
#        D:\1.Project_LAB_PTIT\1.STM8s\1.DocCamBien\4.FUNCTIONS\11.NTC\project\Debug\Obj\stm8s_gpio.o
#        D:\1.Project_LAB_PTIT\1.STM8s\1.DocCamBien\4.FUNCTIONS\11.NTC\project\Debug\Obj\stm8s_tim1.o
#        D:\1.Project_LAB_PTIT\1.STM8s\1.DocCamBien\4.FUNCTIONS\11.NTC\project\Debug\Obj\stm8s_tim2.o
#        D:\1.Project_LAB_PTIT\1.STM8s\1.DocCamBien\4.FUNCTIONS\11.NTC\project\Debug\Obj\stm8s_uart1.o
#        D:\1.Project_LAB_PTIT\1.STM8s\1.DocCamBien\4.FUNCTIONS\11.NTC\project\Debug\Obj\uart.o
#        --redirect _Printf=_PrintfSmall --redirect _Scanf=_ScanfSmall
#        --no_out_extension -o
#        D:\1.Project_LAB_PTIT\1.STM8s\1.DocCamBien\4.FUNCTIONS\11.NTC\project\Debug\Exe\NTC.out
#        --map
#        D:\1.Project_LAB_PTIT\1.STM8s\1.DocCamBien\4.FUNCTIONS\11.NTC\project\Debug\List\NTC.map
#        --config "C:\Program Files (x86)\IAR Systems\Embedded Workbench
#        8.3\stm8\config\lnkstm8s103f3.icf" --config_def _CSTACK_SIZE=0x100
#        --config_def _HEAP_SIZE=0x100 --entry __iar_program_start --debug_lib)
#
###############################################################################

*******************************************************************************
*** RUNTIME MODEL ATTRIBUTES
***

__SystemLibrary            = DLib
__code_model               = small
__core                     = stm8
__data_model               = medium
__dlib_file_descriptor     = 0
__dlib_full_locale_support = 0
__rt_version               = 4


*******************************************************************************
*** PLACEMENT SUMMARY
***

"A0":  place at start of [0x000000-0x0000ff] { rw section .vregs };
"A1":  place at end of [0x000000-0x0003ff] { block CSTACK };
"P2":  place in [from 0x000000 to 0x0003ff] {
          block HEAP, rw section __DLIB_PERTHREAD, rw section .far.bss,
          rw section .far.data, rw section .far.noinit,
          rw section .far_func.textrw, rw section .huge.bss,
          rw section .huge.data, rw section .huge.noinit,
          rw section .huge_func.textrw, rw section .iar.dynexit,
          rw section .near.bss, rw section .near.data, rw section .near.noinit,
          rw section .near_func.textrw };
"A2":  place at start of [0x008000-0x009fff] { block INTVEC };
"P3":  place in [from 0x008000 to 0x009fff] {
          ro section __DLIB_PERTHREAD_init, ro section .far.data_init,
          ro section .far_func.textrw_init, ro section .huge.data_init,
          ro section .huge_func.textrw_init, ro section .iar.init_table,
          ro section .init_array, ro section .near.data_init,
          ro section .near.rodata, ro section .near_func.text,
          ro section .near_func.textrw_init, ro section .tiny.data_init,
          ro section .tiny.rodata_init };
"P4":  place in [from 0x008000 to 0x009fff] {
          ro section .far.rodata, ro section .far_func.text };
"P5":  place in [from 0x008000 to 0x009fff] {
          ro section .huge.rodata, ro section .huge_func.text };
do not initialize {
   rw section .eeprom.noinit, rw section .far.noinit, rw section .huge.noinit,
   rw section .near.noinit, rw section .tiny.noinit, rw section .vregs };

No sections matched the following patterns:

  ro section .far.data_init          in "P3-P5"
  ro section .far.rodata             in "P3-P5"
  ro section .far_func.text          in "P3-P5"
  ro section .far_func.textrw_init   in "P3-P5"
  ro section .huge.data_init         in "P3-P5"
  ro section .huge.rodata            in "P3-P5"
  ro section .huge_func.text         in "P3-P5"
  ro section .huge_func.textrw_init  in "P3-P5"
  ro section .iar.init_table         in "P3-P5"
  ro section .init_array             in "P3-P5"
  ro section .near.data_init         in "P3-P5"
  ro section .near_func.textrw_init  in "P3-P5"
  ro section .tiny.data_init         in "P3-P5"
  ro section .tiny.rodata_init       in "P3-P5"
  ro section __DLIB_PERTHREAD_init   in "P3-P5"
  rw section .far.bss                in "P2"
  rw section .far.data               in "P2"
  rw section .far.noinit             in "P2"
  rw section .far_func.textrw        in "P2"
  rw section .huge.bss               in "P2"
  rw section .huge.data              in "P2"
  rw section .huge.noinit            in "P2"
  rw section .huge_func.textrw       in "P2"
  rw section .iar.dynexit            in "P2"
  rw section .near.data              in "P2"
  rw section .near.noinit            in "P2"
  rw section .near_func.textrw       in "P2"
  rw section .tiny.bss               in "P1"
  rw section .tiny.data              in "P1"
  rw section .tiny.noinit            in "P1"
  rw section .tiny.rodata            in "P1"
  rw section __DLIB_PERTHREAD        in "P2"
  section .eeprom.data               in "P6-P8"
  section .eeprom.noinit             in "P6-P8"
  section .eeprom.rodata             in "P6-P8"


  Section          Kind      Address   Size  Object
  -------          ----      -------   ----  ------
"A0":                                  0x10
  .vregs           uninit   0x000000   0x10  vregs.o [4]
                          - 0x000010   0x10

"P2":                                  0x16
  .near.bss        zero     0x000010   0x14  uart.o [1]
  .near.bss        zero     0x000024    0x2  uart.o [1]
                          - 0x000026   0x16

"A1":                                 0x100
  CSTACK                    0x000300  0x100  <Block>
    CSTACK         uninit   0x000300  0x100  <Block tail>
                          - 0x000400  0x100

"A2":                                  0x80
  INTVEC                    0x008000   0x80  <Block>
    .intvec        const    0x008000   0x80  interrupt.o [4]
                          - 0x008080   0x80

"P3-P5":                              0x82b
  .near_func.text  ro code  0x008080  0x110  stm8s_gpio.o [1]
  .near_func.text  ro code  0x008190   0xde  stm8s_clk.o [1]
  .near_func.text  ro code  0x00826e   0x9e  stm8s_uart1.o [1]
  .near_func.text  ro code  0x00830c   0x99  main.o [1]
  .near_func.text  ro code  0x0083a5   0x97  vreg_util.o [4]
  .near_func.text  ro code  0x00843c   0x88  main.o [1]
  .near_func.text  ro code  0x0084c4   0x5e  uart.o [1]
  .near.rodata     const    0x008522   0x58  stm8s_uart1.o [1]
  .near.rodata     const    0x00857a   0x57  stm8s_gpio.o [1]
  .near.rodata     const    0x0085d1   0x56  stm8s_clk.o [1]
  .near_func.text  ro code  0x008627   0x55  main.o [1]
  .near_func.text  ro code  0x00867c   0x53  main.o [1]
  .near_func.text  ro code  0x0086cf   0x4d  uart.o [1]
  .near_func.text  ro code  0x00871c   0x49  main.o [1]
  .near_func.text  ro code  0x008765   0x3d  stm8s_clk.o [1]
  .near_func.text  ro code  0x0087a2   0x31  short.o [4]
  .near_func.text  ro code  0x0087d3   0x26  uart.o [1]
  .iar.init_table  const    0x0087f9    0x8  - Linker created -
  .near_func.text  ro code  0x008801   0x1e  init_small.o [4]
  .near_func.text  ro code  0x00881f   0x14  init.o [4]
  .near_func.text  ro code  0x008833   0x14  __dbg_xxexit.o [3]
  .near_func.text  ro code  0x008847   0x13  cstartup.o [4]
  .near_func.text  ro code  0x00885a   0x12  main.o [1]
  .near_func.text  ro code  0x00886c    0xb  uart.o [1]
  .near_func.text  ro code  0x008877    0x9  uart.o [1]
  .near_func.text  ro code  0x008880    0x7  stm8s_gpio.o [1]
  .near_func.text  ro code  0x008887    0x7  stm8s_gpio.o [1]
  .near_func.text  ro code  0x00888e    0x5  cexit.o [4]
  .near_func.text  ro code  0x008893    0x4  main.o [1]
  .near_func.text  ro code  0x008897    0x4  stm8s_gpio.o [1]
  .near_func.text  ro code  0x00889b    0x3  interrupt.o [4]
  .near_func.text  ro code  0x00889e    0x3  low_level_init.o [4]
  .near_func.text  ro code  0x0088a1    0x3  exit.o [4]
  .near_func.text  ro code  0x0088a4    0x3  unhandled_exception.o [4]
  .near.rodata     const    0x0088a7    0x2  main.o [1]
  .near_func.text  ro code  0x0088a9    0x1  main.o [1]
  .near_func.text  ro code  0x0088aa    0x1  __dbg_break.o [3]
                          - 0x0088ab  0x82b


*******************************************************************************
*** INIT TABLE
***

          Address   Size
          -------   ----
Zero (__iar_zero_init2)
    1 destination range, total size 0x16:
          0x000010  0x16



*******************************************************************************
*** MODULE SUMMARY
***

    Module                 ro code  ro data  rw data
    ------                 -------  -------  -------
D:\1.Project_LAB_PTIT\1.STM8s\1.DocCamBien\4.FUNCTIONS\11.NTC\project\Debug\Obj: [1]
    main.o                     553        2
    stm8s_clk.o                283       86
    stm8s_gpio.o               290       87
    stm8s_uart1.o              158       88
    uart.o                     229                22
    ------------------------------------------------
    Total:                   1 513      263       22

command line: [2]
    ------------------------------------------------
    Total:

dbgstm8smd.a: [3]
    __dbg_break.o                1
    __dbg_xxexit.o              20
    ------------------------------------------------
    Total:                      21

dlstm8smn.a: [4]
    cexit.o                      5
    cstartup.o                  19
    exit.o                       3
    init.o                      20
    init_small.o                30
    interrupt.o                  3      128
    low_level_init.o             3
    short.o                     49
    unhandled_exception.o        3
    vreg_util.o                151
    vregs.o                                       16
    ------------------------------------------------
    Total:                     286      128       16

    Linker created                        8      256
----------------------------------------------------
    Grand Total:             1 820      399      294


*******************************************************************************
*** ENTRY LIST
***

Entry                    Address   Size  Type      Object
-----                    -------   ----  ----      ------
.iar.init_table$$Base   0x0087f9          --   Gb  - Linker created -
.iar.init_table$$Limit  0x008801          --   Gb  - Linker created -
?b0                     0x000000         Data  Gb  vregs.o [4]
?b1                     0x000001         Data  Gb  vregs.o [4]
?b10                    0x00000a         Data  Gb  vregs.o [4]
?b11                    0x00000b         Data  Gb  vregs.o [4]
?b12                    0x00000c         Data  Gb  vregs.o [4]
?b13                    0x00000d         Data  Gb  vregs.o [4]
?b14                    0x00000e         Data  Gb  vregs.o [4]
?b15                    0x00000f         Data  Gb  vregs.o [4]
?b2                     0x000002         Data  Gb  vregs.o [4]
?b3                     0x000003         Data  Gb  vregs.o [4]
?b4                     0x000004         Data  Gb  vregs.o [4]
?b5                     0x000005         Data  Gb  vregs.o [4]
?b6                     0x000006         Data  Gb  vregs.o [4]
?b7                     0x000007         Data  Gb  vregs.o [4]
?b8                     0x000008         Data  Gb  vregs.o [4]
?b9                     0x000009         Data  Gb  vregs.o [4]
?e0                     0x000001         Data  Gb  vregs.o [4]
?e1                     0x000005         Data  Gb  vregs.o [4]
?e2                     0x000009         Data  Gb  vregs.o [4]
?e3                     0x00000d         Data  Gb  vregs.o [4]
?epilogue_l2            0x008434         Code  Gb  vreg_util.o [4]
?epilogue_l2_l3         0x008431         Code  Gb  vreg_util.o [4]
?epilogue_w4            0x008438         Code  Gb  vreg_util.o [4]
?l0                     0x000000         Data  Gb  vregs.o [4]
?l1                     0x000004         Data  Gb  vregs.o [4]
?l2                     0x000008         Data  Gb  vregs.o [4]
?l3                     0x00000c         Data  Gb  vregs.o [4]
?pop_l0                 0x0083fd         Code  Gb  vreg_util.o [4]
?pop_l1                 0x008408         Code  Gb  vreg_util.o [4]
?pop_l2                 0x008413         Code  Gb  vreg_util.o [4]
?pop_l3                 0x00841e         Code  Gb  vreg_util.o [4]
?pop_w4                 0x0083bd         Code  Gb  vreg_util.o [4]
?push_l0                0x0083cc         Code  Gb  vreg_util.o [4]
?push_l1                0x0083d1         Code  Gb  vreg_util.o [4]
?push_l2                0x0083d6         Code  Gb  vreg_util.o [4]
?push_l3                0x0083db         Code  Gb  vreg_util.o [4]
?push_w4                0x0083a5         Code  Gb  vreg_util.o [4]
?sdiv16_x_x_y           0x0087a2         Code  Gb  short.o [4]
?sll16_x_x_a            0x0087cb         Code  Gb  short.o [4]
?smod16_y_x_y           0x0087bb         Code  Gb  short.o [4]
?w0                     0x000000         Data  Gb  vregs.o [4]
?w1                     0x000002         Data  Gb  vregs.o [4]
?w2                     0x000004         Data  Gb  vregs.o [4]
?w3                     0x000006         Data  Gb  vregs.o [4]
?w4                     0x000008         Data  Gb  vregs.o [4]
?w5                     0x00000a         Data  Gb  vregs.o [4]
?w6                     0x00000c         Data  Gb  vregs.o [4]
?w7                     0x00000e         Data  Gb  vregs.o [4]
CLK_HSIPrescalerConfig  0x008765   0x3d  Code  Gb  stm8s_clk.o [1]
CLK_PeripheralClockConfig
                        0x008190   0xde  Code  Gb  stm8s_clk.o [1]
CSTACK$$Base            0x000300          --   Gb  - Linker created -
CSTACK$$Limit           0x000400          --   Gb  - Linker created -
Clock_Init              0x008893    0x4  Code  Gb  main.o [1]
DHT11_CheckResponse     0x00867c   0x53  Code  Gb  main.o [1]
DHT11_Init              0x00835b   0x12  Code  Gb  main.o [1]
DHT11_Read              0x008627   0x55  Code  Gb  main.o [1]
DHT11_ReadByte          0x00843c   0x88  Code  Gb  main.o [1]
DHT11_Start             0x00836d   0x38  Code  Gb  main.o [1]
GPIO_Init               0x008080  0x110  Code  Gb  stm8s_gpio.o [1]
GPIO_ReadInputPin       0x008887    0x7  Code  Gb  stm8s_gpio.o [1]
GPIO_WriteHigh          0x008880    0x7  Code  Gb  stm8s_gpio.o [1]
GPIO_WriteLow           0x008897    0x4  Code  Gb  stm8s_gpio.o [1]
INTVEC$$Base            0x008000          --   Gb  - Linker created -
INTVEC$$Limit           0x008080          --   Gb  - Linker created -
Region$$Table$$Base     0x0087f9          --   Gb  - Linker created -
Region$$Table$$Limit    0x008801          --   Gb  - Linker created -
TIM2_Init               0x00885a   0x12  Code  Gb  main.o [1]
UART1_GetFlagStatus     0x00826e   0x9e  Code  Gb  stm8s_uart1.o [1]
UART1_RX_IRQHandler     0x0087d3   0x26  Code  Gb  uart.o [1]
UART1_Send_Char         0x008877    0x9  Code  Gb  uart.o [1]
UART1_Send_Int          0x0084c4   0x5e  Code  Gb  uart.o [1]
UART1_Send_String       0x00886c    0xb  Code  Gb  uart.o [1]
UART_Configuration      0x0086cf   0x4d  Code  Gb  uart.o [1]
__DebugBreak            0x0088aa    0x1  Code  Gb  __dbg_break.o [3]
__exit                  0x008833   0x14  Code  Gb  __dbg_xxexit.o [3]
__iar_data_init2        0x00881f   0x14  Code  Gb  init.o [4]
__iar_program_start     0x008847         Code  Gb  cstartup.o [4]
__iar_unhandled_exception
                        0x0088a4         Code  Gb  unhandled_exception.o [4]
__iar_zero_init2        0x008801         Code  Gb  init_small.o [4]
__intvec                0x008000         Data  Gb  interrupt.o [4]
__low_level_init        0x00889e    0x3  Code  Gb  low_level_init.o [4]
_exit                   0x00888e         Code  Gb  cexit.o [4]
_interrupt_20           0x0087d3         Code  Gb  uart.o [1]
array_receive           0x000010   0x14  Data  Gb  uart.o [1]
assert_failed           0x0088a9    0x1  Code  Gb  main.o [1]
count_array_receive     0x000024    0x2  Data  Gb  uart.o [1]
delay_ms                0x008343   0x18  Code  Gb  main.o [1]
delay_us                0x00830c   0x37  Code  Gb  main.o [1]
exit                    0x0088a1    0x3  Code  Gb  exit.o [4]
main                    0x00871c   0x49  Code  Gb  main.o [1]


[1] = D:\1.Project_LAB_PTIT\1.STM8s\1.DocCamBien\4.FUNCTIONS\11.NTC\project\Debug\Obj
[2] = command line
[3] = dbgstm8smd.a
[4] = dlstm8smn.a

  1 820 bytes of readonly  code memory
    399 bytes of readonly  data memory
    294 bytes of readwrite data memory

Errors: none
Warnings: none
